fsm_for_traffic_processing.c:13:6:check_duration_led_7SEG	4	static
fsm_for_traffic_processing.c:21:6:update_traffic_state_using_button_1	8	static
fsm_for_traffic_processing.c:49:6:execute_GR	8	static
fsm_for_traffic_processing.c:64:6:execute_AR	8	static
fsm_for_traffic_processing.c:81:6:execute_RG	8	static
fsm_for_traffic_processing.c:96:6:execute_RA	8	static
fsm_for_traffic_processing.c:112:6:execute_MODE2	4	static
fsm_for_traffic_processing.c:120:6:execute_MODE3	4	static
fsm_for_traffic_processing.c:128:6:execute_MODE4	4	static
fsm_for_traffic_processing.c:135:6:fsm_for_traffic_state	8	static
