fsm_for_traffic_processing.c:13:6:set_traffic_led_7SEG_duration_using_button_3	4	static
fsm_for_traffic_processing.c:29:6:increase_traffic_led_7SEG_using_button_2	4	static
fsm_for_traffic_processing.c:38:6:check_duration_led_7SEG	4	static
fsm_for_traffic_processing.c:46:6:update_traffic_state_using_button_1	8	static
fsm_for_traffic_processing.c:74:6:execute_GR	8	static
fsm_for_traffic_processing.c:89:6:execute_AR	8	static
fsm_for_traffic_processing.c:106:6:execute_RG	8	static
fsm_for_traffic_processing.c:121:6:execute_RA	8	static
fsm_for_traffic_processing.c:137:6:execute_MODE2	4	static
fsm_for_traffic_processing.c:145:6:execute_MODE3	4	static
fsm_for_traffic_processing.c:153:6:execute_MODE4	4	static
fsm_for_traffic_processing.c:160:6:fsm_for_traffic_state	8	static
