software_timer.c:13:6:set_timer_1000ms	16	static
software_timer.c:17:9:get_timer_1000ms_flag	4	static
software_timer.c:25:6:set_timer_button_1_500ms	16	static
software_timer.c:29:9:get_timer_button_1_500ms_flag	4	static
software_timer.c:36:6:set_timer_button_2_500ms	16	static
software_timer.c:40:9:get_timer_button_2_500ms_flag	4	static
software_timer.c:47:6:set_timer_blink_single_led_2Hz	16	static
software_timer.c:51:9:get_timer_blink_single_led_2Hz_flag	4	static
software_timer.c:58:6:set_timer_blink_single_led_1Hz	16	static
software_timer.c:62:9:get_timer_blink_single_led_1Hz_flag	4	static
software_timer.c:69:6:set_timer_sweep_led_7_seg	16	static
software_timer.c:73:9:get_timer_sweep_led_7_seg_flag	4	static
software_timer.c:78:6:timer_run	8	static
software_timer.c:111:6:init_timer	8	static
