Archive member included to satisfy reference by file (symbol)

c:/st/stm32cubeide_1.7.0/stm32cubeide/plugins/com.st.stm32cube.ide.mcu.externaltools.gnu-tools-for-stm32.9-2020-q2-update.win32_2.0.0.202105311346/tools/bin/../lib/gcc/arm-none-eabi/9.3.1/../../../../arm-none-eabi/lib/thumb/v7-m/nofp\libc_nano.a(lib_a-errno.o)
                              ./Core/Src/syscalls.o (__errno)
c:/st/stm32cubeide_1.7.0/stm32cubeide/plugins/com.st.stm32cube.ide.mcu.externaltools.gnu-tools-for-stm32.9-2020-q2-update.win32_2.0.0.202105311346/tools/bin/../lib/gcc/arm-none-eabi/9.3.1/../../../../arm-none-eabi/lib/thumb/v7-m/nofp\libc_nano.a(lib_a-exit.o)
                              c:/st/stm32cubeide_1.7.0/stm32cubeide/plugins/com.st.stm32cube.ide.mcu.externaltools.gnu-tools-for-stm32.9-2020-q2-update.win32_2.0.0.202105311346/tools/bin/../lib/gcc/arm-none-eabi/9.3.1/../../../../arm-none-eabi/lib/thumb/v7-m/nofp/crt0.o (exit)
c:/st/stm32cubeide_1.7.0/stm32cubeide/plugins/com.st.stm32cube.ide.mcu.externaltools.gnu-tools-for-stm32.9-2020-q2-update.win32_2.0.0.202105311346/tools/bin/../lib/gcc/arm-none-eabi/9.3.1/../../../../arm-none-eabi/lib/thumb/v7-m/nofp\libc_nano.a(lib_a-impure.o)
                              c:/st/stm32cubeide_1.7.0/stm32cubeide/plugins/com.st.stm32cube.ide.mcu.externaltools.gnu-tools-for-stm32.9-2020-q2-update.win32_2.0.0.202105311346/tools/bin/../lib/gcc/arm-none-eabi/9.3.1/../../../../arm-none-eabi/lib/thumb/v7-m/nofp\libc_nano.a(lib_a-exit.o) (_global_impure_ptr)
c:/st/stm32cubeide_1.7.0/stm32cubeide/plugins/com.st.stm32cube.ide.mcu.externaltools.gnu-tools-for-stm32.9-2020-q2-update.win32_2.0.0.202105311346/tools/bin/../lib/gcc/arm-none-eabi/9.3.1/../../../../arm-none-eabi/lib/thumb/v7-m/nofp\libc_nano.a(lib_a-init.o)
                              c:/st/stm32cubeide_1.7.0/stm32cubeide/plugins/com.st.stm32cube.ide.mcu.externaltools.gnu-tools-for-stm32.9-2020-q2-update.win32_2.0.0.202105311346/tools/bin/../lib/gcc/arm-none-eabi/9.3.1/../../../../arm-none-eabi/lib/thumb/v7-m/nofp/crt0.o (__libc_init_array)
c:/st/stm32cubeide_1.7.0/stm32cubeide/plugins/com.st.stm32cube.ide.mcu.externaltools.gnu-tools-for-stm32.9-2020-q2-update.win32_2.0.0.202105311346/tools/bin/../lib/gcc/arm-none-eabi/9.3.1/../../../../arm-none-eabi/lib/thumb/v7-m/nofp\libc_nano.a(lib_a-memset.o)
                              c:/st/stm32cubeide_1.7.0/stm32cubeide/plugins/com.st.stm32cube.ide.mcu.externaltools.gnu-tools-for-stm32.9-2020-q2-update.win32_2.0.0.202105311346/tools/bin/../lib/gcc/arm-none-eabi/9.3.1/../../../../arm-none-eabi/lib/thumb/v7-m/nofp/crt0.o (memset)

Allocating common symbols
Common symbol       size              file

timer_blink_single_led_count
                    0x4               ./Core/Src/software_timer.o
timer_sweep_led_7_seg_flag
                    0x1               ./Core/Src/software_timer.o
green_duration      0x1               ./Core/Src/fsm_for_input_processing.o
TIMER_DURATION      0x4               ./Core/Src/fsm_for_input_processing.o
timer_sweep_led_7_seg_count
                    0x4               ./Core/Src/software_timer.o
timer_button_1_500ms_flag
                    0x1               ./Core/Src/software_timer.o
uwTick              0x4               ./Drivers/STM32F1xx_HAL_Driver/Src/stm32f1xx_hal.o
pFlash              0x20              ./Drivers/STM32F1xx_HAL_Driver/Src/stm32f1xx_hal_flash.o
traffic_led_7SEG_2  0x1               ./Core/Src/fsm_for_input_processing.o
traffic_state       0x1               ./Core/Src/fsm_for_input_processing.o
amber_duration      0x1               ./Core/Src/fsm_for_input_processing.o
timer_1000ms_count  0x4               ./Core/Src/software_timer.o
red_duration        0x1               ./Core/Src/fsm_for_input_processing.o
timer_button_2_500ms_count
                    0x4               ./Core/Src/software_timer.o
htim2               0x48              ./Core/Src/main.o
timer_1000ms_flag   0x1               ./Core/Src/software_timer.o
timer_blink_single_led_flag
                    0x1               ./Core/Src/software_timer.o
traffic_led_7SEG_1  0x1               ./Core/Src/fsm_for_input_processing.o
timer_button_2_500ms_flag
                    0x1               ./Core/Src/software_timer.o
timer_button_1_500ms_count
                    0x4               ./Core/Src/software_timer.o

Discarded input sections

 .text          0x0000000000000000        0x0 c:/st/stm32cubeide_1.7.0/stm32cubeide/plugins/com.st.stm32cube.ide.mcu.externaltools.gnu-tools-for-stm32.9-2020-q2-update.win32_2.0.0.202105311346/tools/bin/../lib/gcc/arm-none-eabi/9.3.1/thumb/v7-m/nofp/crti.o
 .data          0x0000000000000000        0x0 c:/st/stm32cubeide_1.7.0/stm32cubeide/plugins/com.st.stm32cube.ide.mcu.externaltools.gnu-tools-for-stm32.9-2020-q2-update.win32_2.0.0.202105311346/tools/bin/../lib/gcc/arm-none-eabi/9.3.1/thumb/v7-m/nofp/crti.o
[...]
Memory Configuration

Name             Origin             Length             Attributes
RAM              0x0000000020000000 0x0000000000002800 xrw
FLASH            0x0000000008000000 0x0000000000008000 xr
*default*        0x0000000000000000 0xffffffffffffffff

Linker script and memory map

LOAD c:/st/stm32cubeide_1.7.0/stm32cubeide/plugins/com.st.stm32cube.ide.mcu.externaltools.gnu-tools-for-stm32.9-2020-q2-update.win32_2.0.0.202105311346/tools/bin/../lib/gcc/arm-none-eabi/9.3.1/thumb/v7-m/nofp/crti.o
LOAD c:/st/stm32cubeide_1.7.0/stm32cubeide/plugins/com.st.stm32cube.ide.mcu.externaltools.gnu-tools-for-stm32.9-2020-q2-update.win32_2.0.0.202105311346/tools/bin/../lib/gcc/arm-none-eabi/9.3.1/thumb/v7-m/nofp/crtbegin.o
LOAD c:/st/stm32cubeide_1.7.0/stm32cubeide/plugins/com.st.stm32cube.ide.mcu.externaltools.gnu-tools-for-stm32.9-2020-q2-update.win32_2.0.0.202105311346/tools/bin/../lib/gcc/arm-none-eabi/9.3.1/../../../../arm-none-eabi/lib/thumb/v7-m/nofp/crt0.o
LOAD ./Core/Src/fsm_for_input_processing.o
LOAD ./Core/Src/fsm_for_traffic_processing.o
LOAD ./Core/Src/global.o
LOAD ./Core/Src/input_reading.o
LOAD ./Core/Src/main.o
LOAD ./Core/Src/output_display.o
LOAD ./Core/Src/software_timer.o
LOAD ./Core/Src/stm32f1xx_hal_msp.o
LOAD ./Core/Src/stm32f1xx_it.o
LOAD ./Core/Src/syscalls.o
LOAD ./Core/Src/sysmem.o
LOAD ./Core/Src/system_stm32f1xx.o
LOAD ./Core/Startup/startup_stm32f103c6tx.o
LOAD ./Drivers/STM32F1xx_HAL_Driver/Src/stm32f1xx_hal.o
LOAD ./Drivers/STM32F1xx_HAL_Driver/Src/stm32f1xx_hal_cortex.o
LOAD ./Drivers/STM32F1xx_HAL_Driver/Src/stm32f1xx_hal_dma.o
LOAD ./Drivers/STM32F1xx_HAL_Driver/Src/stm32f1xx_hal_exti.o
LOAD ./Drivers/STM32F1xx_HAL_Driver/Src/stm32f1xx_hal_flash.o
LOAD ./Drivers/STM32F1xx_HAL_Driver/Src/stm32f1xx_hal_flash_ex.o
LOAD ./Drivers/STM32F1xx_HAL_Driver/Src/stm32f1xx_hal_gpio.o
LOAD ./Drivers/STM32F1xx_HAL_Driver/Src/stm32f1xx_hal_gpio_ex.o
LOAD ./Drivers/STM32F1xx_HAL_Driver/Src/stm32f1xx_hal_pwr.o
LOAD ./Drivers/STM32F1xx_HAL_Driver/Src/stm32f1xx_hal_rcc.o
LOAD ./Drivers/STM32F1xx_HAL_Driver/Src/stm32f1xx_hal_rcc_ex.o
LOAD ./Drivers/STM32F1xx_HAL_Driver/Src/stm32f1xx_hal_tim.o
LOAD ./Drivers/STM32F1xx_HAL_Driver/Src/stm32f1xx_hal_tim_ex.o
START GROUP
LOAD c:/st/stm32cubeide_1.7.0/stm32cubeide/plugins/com.st.stm32cube.ide.mcu.externaltools.gnu-tools-for-stm32.9-2020-q2-update.win32_2.0.0.202105311346/tools/bin/../lib/gcc/arm-none-eabi/9.3.1/../../../../arm-none-eabi/lib/thumb/v7-m/nofp\libc_nano.a
LOAD c:/st/stm32cubeide_1.7.0/stm32cubeide/plugins/com.st.stm32cube.ide.mcu.externaltools.gnu-tools-for-stm32.9-2020-q2-update.win32_2.0.0.202105311346/tools/bin/../lib/gcc/arm-none-eabi/9.3.1/../../../../arm-none-eabi/lib/thumb/v7-m/nofp\libm.a
END GROUP
START GROUP
LOAD c:/st/stm32cubeide_1.7.0/stm32cubeide/plugins/com.st.stm32cube.ide.mcu.externaltools.gnu-tools-for-stm32.9-2020-q2-update.win32_2.0.0.202105311346/tools/bin/../lib/gcc/arm-none-eabi/9.3.1/thumb/v7-m/nofp\libgcc.a
LOAD c:/st/stm32cubeide_1.7.0/stm32cubeide/plugins/com.st.stm32cube.ide.mcu.externaltools.gnu-tools-for-stm32.9-2020-q2-update.win32_2.0.0.202105311346/tools/bin/../lib/gcc/arm-none-eabi/9.3.1/../../../../arm-none-eabi/lib/thumb/v7-m/nofp\libc_nano.a
END GROUP
START GROUP
LOAD c:/st/stm32cubeide_1.7.0/stm32cubeide/plugins/com.st.stm32cube.ide.mcu.externaltools.gnu-tools-for-stm32.9-2020-q2-update.win32_2.0.0.202105311346/tools/bin/../lib/gcc/arm-none-eabi/9.3.1/thumb/v7-m/nofp\libgcc.a
LOAD c:/st/stm32cubeide_1.7.0/stm32cubeide/plugins/com.st.stm32cube.ide.mcu.externaltools.gnu-tools-for-stm32.9-2020-q2-update.win32_2.0.0.202105311346/tools/bin/../lib/gcc/arm-none-eabi/9.3.1/../../../../arm-none-eabi/lib/thumb/v7-m/nofp\libc_nano.a
LOAD c:/st/stm32cubeide_1.7.0/stm32cubeide/plugins/com.st.stm32cube.ide.mcu.externaltools.gnu-tools-for-stm32.9-2020-q2-update.win32_2.0.0.202105311346/tools/bin/../lib/gcc/arm-none-eabi/9.3.1/../../../../arm-none-eabi/lib/thumb/v7-m/nofp\libnosys.a
END GROUP
START GROUP
LOAD c:/st/stm32cubeide_1.7.0/stm32cubeide/plugins/com.st.stm32cube.ide.mcu.externaltools.gnu-tools-for-stm32.9-2020-q2-update.win32_2.0.0.202105311346/tools/bin/../lib/gcc/arm-none-eabi/9.3.1/thumb/v7-m/nofp\libgcc.a
LOAD c:/st/stm32cubeide_1.7.0/stm32cubeide/plugins/com.st.stm32cube.ide.mcu.externaltools.gnu-tools-for-stm32.9-2020-q2-update.win32_2.0.0.202105311346/tools/bin/../lib/gcc/arm-none-eabi/9.3.1/../../../../arm-none-eabi/lib/thumb/v7-m/nofp\libc_nano.a
LOAD c:/st/stm32cubeide_1.7.0/stm32cubeide/plugins/com.st.stm32cube.ide.mcu.externaltools.gnu-tools-for-stm32.9-2020-q2-update.win32_2.0.0.202105311346/tools/bin/../lib/gcc/arm-none-eabi/9.3.1/../../../../arm-none-eabi/lib/thumb/v7-m/nofp\libnosys.a
END GROUP
LOAD c:/st/stm32cubeide_1.7.0/stm32cubeide/plugins/com.st.stm32cube.ide.mcu.externaltools.gnu-tools-for-stm32.9-2020-q2-update.win32_2.0.0.202105311346/tools/bin/../lib/gcc/arm-none-eabi/9.3.1/thumb/v7-m/nofp/crtend.o
LOAD c:/st/stm32cubeide_1.7.0/stm32cubeide/plugins/com.st.stm32cube.ide.mcu.externaltools.gnu-tools-for-stm32.9-2020-q2-update.win32_2.0.0.202105311346/tools/bin/../lib/gcc/arm-none-eabi/9.3.1/thumb/v7-m/nofp/crtn.o
                0x0000000020002800                _estack = (ORIGIN (RAM) + LENGTH (RAM))
                0x0000000000000200                _Min_Heap_Size = 0x200
                0x0000000000000400                _Min_Stack_Size = 0x400

.isr_vector     0x0000000008000000      0x10c
                0x0000000008000000                . = ALIGN (0x4)
 *(.isr_vector)
 .isr_vector    0x0000000008000000      0x10c ./Core/Startup/startup_stm32f103c6tx.o
                0x0000000008000000                g_pfnVectors
                0x000000000800010c                . = ALIGN (0x4)

.text           0x000000000800010c     0x25a4
                0x000000000800010c                . = ALIGN (0x4)
 *(.text)
 .text          0x000000000800010c       0x40 c:/st/stm32cubeide_1.7.0/stm32cubeide/plugins/com.st.stm32cube.ide.mcu.externaltools.gnu-tools-for-stm32.9-2020-q2-update.win32_2.0.0.202105311346/tools/bin/../lib/gcc/arm-none-eabi/9.3.1/thumb/v7-m/nofp/crtbegin.o
 *(.text*)
 .text.execute_GR
                0x000000000800014c       0x68 ./Core/Src/fsm_for_traffic_processing.o
                0x000000000800014c                execute_GR
 .text.execute_AR
                0x00000000080001b4       0x74 ./Core/Src/fsm_for_traffic_processing.o
                0x00000000080001b4                execute_AR
 .text.execute_RG
                0x0000000008000228       0x68 ./Core/Src/fsm_for_traffic_processing.o
                0x0000000008000228                execute_RG
 .text.execute_RA
                0x0000000008000290       0x74 ./Core/Src/fsm_for_traffic_processing.o
                0x0000000008000290                execute_RA
 .text.fsm_for_traffic_state
                0x0000000008000304       0x88 ./Core/Src/fsm_for_traffic_processing.o
                0x0000000008000304                fsm_for_traffic_state
 .text.main     0x000000000800038c       0x3c ./Core/Src/main.o
                0x000000000800038c                main
 .text.SystemClock_Config
                0x00000000080003c8       0x76 ./Core/Src/main.o
                0x00000000080003c8                SystemClock_Config
 *fill*         0x000000000800043e        0x2 
 .text.MX_TIM2_Init
                0x0000000008000440       0xc8 ./Core/Src/main.o
 .text.MX_GPIO_Init
                0x0000000008000508       0xc4 ./Core/Src/main.o
 .text.HAL_TIM_PeriodElapsedCallback
                0x00000000080005cc       0x14 ./Core/Src/main.o
                0x00000000080005cc                HAL_TIM_PeriodElapsedCallback
 .text.Error_Handler
                0x00000000080005e0        0xa ./Core/Src/main.o
                0x00000000080005e0                Error_Handler
 *fill*         0x00000000080005ea        0x2 
 .text.display7SEG
                0x00000000080005ec      0x320 ./Core/Src/output_display.o
                0x00000000080005ec                display7SEG
 .text.update7SEG
                0x000000000800090c      0x144 ./Core/Src/output_display.o
                0x000000000800090c                update7SEG
 .text.updateTraffic7SEGBuffer
                0x0000000008000a50       0x80 ./Core/Src/output_display.o
                0x0000000008000a50                updateTraffic7SEGBuffer
 .text.single_led_for_RG
                0x0000000008000ad0       0x48 ./Core/Src/output_display.o
                0x0000000008000ad0                single_led_for_RG
 .text.single_led_for_RA
                0x0000000008000b18       0x48 ./Core/Src/output_display.o
                0x0000000008000b18                single_led_for_RA
 .text.single_led_for_GR
                0x0000000008000b60       0x48 ./Core/Src/output_display.o
                0x0000000008000b60                single_led_for_GR
 .text.single_led_for_AR
                0x0000000008000ba8       0x48 ./Core/Src/output_display.o
                0x0000000008000ba8                single_led_for_AR
 .text.turn_on_all_single_led
                0x0000000008000bf0       0x48 ./Core/Src/output_display.o
                0x0000000008000bf0                turn_on_all_single_led
 .text.turn_off_all_single_led
                0x0000000008000c38       0x48 ./Core/Src/output_display.o
                0x0000000008000c38                turn_off_all_single_led
 .text.single_led_blink_2Hz
                0x0000000008000c80       0x88 ./Core/Src/output_display.o
                0x0000000008000c80                single_led_blink_2Hz
 .text.fsm_for_single_led
                0x0000000008000d08       0x4c ./Core/Src/output_display.o
                0x0000000008000d08                fsm_for_single_led
 .text.fsm_for_led_7_seg
                0x0000000008000d54       0x40 ./Core/Src/output_display.o
                0x0000000008000d54                fsm_for_led_7_seg
 .text.set_timer_1000ms
                0x0000000008000d94       0x28 ./Core/Src/software_timer.o
                0x0000000008000d94                set_timer_1000ms
 .text.get_timer_1000ms_flag
                0x0000000008000dbc       0x14 ./Core/Src/software_timer.o
                0x0000000008000dbc                get_timer_1000ms_flag
 .text.set_timer_blink_single_led
                0x0000000008000dd0       0x28 ./Core/Src/software_timer.o
                0x0000000008000dd0                set_timer_blink_single_led
 .text.get_timer_blink_single_led_flag
                0x0000000008000df8       0x14 ./Core/Src/software_timer.o
                0x0000000008000df8                get_timer_blink_single_led_flag
 .text.set_timer_sweep_led_7_seg
                0x0000000008000e0c       0x28 ./Core/Src/software_timer.o
                0x0000000008000e0c                set_timer_sweep_led_7_seg
 .text.get_timer_sweep_led_7_seg_flag
                0x0000000008000e34       0x14 ./Core/Src/software_timer.o
                0x0000000008000e34                get_timer_sweep_led_7_seg_flag
 .text.timer_run
                0x0000000008000e48       0xb4 ./Core/Src/software_timer.o
                0x0000000008000e48                timer_run
 .text.init_timer
                0x0000000008000efc       0x1a ./Core/Src/software_timer.o
                0x0000000008000efc                init_timer
 *fill*         0x0000000008000f16        0x2 
 .text.HAL_MspInit
                0x0000000008000f18       0x64 ./Core/Src/stm32f1xx_hal_msp.o
                0x0000000008000f18                HAL_MspInit
 .text.HAL_TIM_Base_MspInit
                0x0000000008000f7c       0x48 ./Core/Src/stm32f1xx_hal_msp.o
                0x0000000008000f7c                HAL_TIM_Base_MspInit
 .text.NMI_Handler
                0x0000000008000fc4        0x6 ./Core/Src/stm32f1xx_it.o
                0x0000000008000fc4                NMI_Handler
 .text.HardFault_Handler
                0x0000000008000fca        0x6 ./Core/Src/stm32f1xx_it.o
                0x0000000008000fca                HardFault_Handler
 .text.MemManage_Handler
                0x0000000008000fd0        0x6 ./Core/Src/stm32f1xx_it.o
                0x0000000008000fd0                MemManage_Handler
 .text.BusFault_Handler
                0x0000000008000fd6        0x6 ./Core/Src/stm32f1xx_it.o
                0x0000000008000fd6                BusFault_Handler
 .text.UsageFault_Handler
                0x0000000008000fdc        0x6 ./Core/Src/stm32f1xx_it.o
                0x0000000008000fdc                UsageFault_Handler
 .text.SVC_Handler
                0x0000000008000fe2        0xc ./Core/Src/stm32f1xx_it.o
                0x0000000008000fe2                SVC_Handler
 .text.DebugMon_Handler
                0x0000000008000fee        0xc ./Core/Src/stm32f1xx_it.o
                0x0000000008000fee                DebugMon_Handler
 .text.PendSV_Handler
                0x0000000008000ffa        0xc ./Core/Src/stm32f1xx_it.o
                0x0000000008000ffa                PendSV_Handler
 .text.SysTick_Handler
                0x0000000008001006        0xc ./Core/Src/stm32f1xx_it.o
                0x0000000008001006                SysTick_Handler
 *fill*         0x0000000008001012        0x2 
 .text.TIM2_IRQHandler
                0x0000000008001014       0x14 ./Core/Src/stm32f1xx_it.o
                0x0000000008001014                TIM2_IRQHandler
 .text.SystemInit
                0x0000000008001028        0xc ./Core/Src/system_stm32f1xx.o
                0x0000000008001028                SystemInit
 .text.Reset_Handler
                0x0000000008001034       0x48 ./Core/Startup/startup_stm32f103c6tx.o
                0x0000000008001034                Reset_Handler
 .text.Default_Handler
                0x000000000800107c        0x2 ./Core/Startup/startup_stm32f103c6tx.o
                0x000000000800107c                RTC_Alarm_IRQHandler
                0x000000000800107c                EXTI2_IRQHandler
                0x000000000800107c                TIM1_CC_IRQHandler
                0x000000000800107c                PVD_IRQHandler
                0x000000000800107c                EXTI3_IRQHandler
                0x000000000800107c                EXTI0_IRQHandler
                0x000000000800107c                ADC1_2_IRQHandler
                0x000000000800107c                SPI1_IRQHandler
                0x000000000800107c                TAMPER_IRQHandler
                0x000000000800107c                DMA1_Channel4_IRQHandler
                0x000000000800107c                RTC_IRQHandler
                0x000000000800107c                DMA1_Channel7_IRQHandler
                0x000000000800107c                CAN1_RX1_IRQHandler
                0x000000000800107c                I2C1_EV_IRQHandler
                0x000000000800107c                DMA1_Channel6_IRQHandler
                0x000000000800107c                TIM3_IRQHandler
                0x000000000800107c                RCC_IRQHandler
                0x000000000800107c                TIM1_TRG_COM_IRQHandler
                0x000000000800107c                DMA1_Channel1_IRQHandler
                0x000000000800107c                Default_Handler
                0x000000000800107c                EXTI15_10_IRQHandler
                0x000000000800107c                EXTI9_5_IRQHandler
                0x000000000800107c                DMA1_Channel5_IRQHandler
                0x000000000800107c                EXTI4_IRQHandler
                0x000000000800107c                USB_LP_CAN1_RX0_IRQHandler
                0x000000000800107c                USB_HP_CAN1_TX_IRQHandler
                0x000000000800107c                DMA1_Channel3_IRQHandler
                0x000000000800107c                TIM1_UP_IRQHandler
                0x000000000800107c                WWDG_IRQHandler
                0x000000000800107c                TIM1_BRK_IRQHandler
                0x000000000800107c                EXTI1_IRQHandler
                0x000000000800107c                USART2_IRQHandler
                0x000000000800107c                DMA1_Channel2_IRQHandler
                0x000000000800107c                CAN1_SCE_IRQHandler
                0x000000000800107c                FLASH_IRQHandler
                0x000000000800107c                USART1_IRQHandler
                0x000000000800107c                I2C1_ER_IRQHandler
                0x000000000800107c                USBWakeUp_IRQHandler
 *fill*         0x000000000800107e        0x2 
 .text.HAL_Init
                0x0000000008001080       0x2c ./Drivers/STM32F1xx_HAL_Driver/Src/stm32f1xx_hal.o
                0x0000000008001080                HAL_Init
 .text.HAL_InitTick
                0x00000000080010ac       0x60 ./Drivers/STM32F1xx_HAL_Driver/Src/stm32f1xx_hal.o
                0x00000000080010ac                HAL_InitTick
 .text.HAL_IncTick
                0x000000000800110c       0x24 ./Drivers/STM32F1xx_HAL_Driver/Src/stm32f1xx_hal.o
                0x000000000800110c                HAL_IncTick
 .text.HAL_GetTick
                0x0000000008001130       0x14 ./Drivers/STM32F1xx_HAL_Driver/Src/stm32f1xx_hal.o
                0x0000000008001130                HAL_GetTick
 .text.__NVIC_SetPriorityGrouping
                0x0000000008001144       0x48 ./Drivers/STM32F1xx_HAL_Driver/Src/stm32f1xx_hal_cortex.o
 .text.__NVIC_GetPriorityGrouping
                0x000000000800118c       0x1c ./Drivers/STM32F1xx_HAL_Driver/Src/stm32f1xx_hal_cortex.o
 .text.__NVIC_EnableIRQ
                0x00000000080011a8       0x38 ./Drivers/STM32F1xx_HAL_Driver/Src/stm32f1xx_hal_cortex.o
 .text.__NVIC_SetPriority
                0x00000000080011e0       0x54 ./Drivers/STM32F1xx_HAL_Driver/Src/stm32f1xx_hal_cortex.o
 .text.NVIC_EncodePriority
                0x0000000008001234       0x64 ./Drivers/STM32F1xx_HAL_Driver/Src/stm32f1xx_hal_cortex.o
 .text.SysTick_Config
                0x0000000008001298       0x44 ./Drivers/STM32F1xx_HAL_Driver/Src/stm32f1xx_hal_cortex.o
 .text.HAL_NVIC_SetPriorityGrouping
                0x00000000080012dc       0x16 ./Drivers/STM32F1xx_HAL_Driver/Src/stm32f1xx_hal_cortex.o
                0x00000000080012dc                HAL_NVIC_SetPriorityGrouping
 .text.HAL_NVIC_SetPriority
                0x00000000080012f2       0x38 ./Drivers/STM32F1xx_HAL_Driver/Src/stm32f1xx_hal_cortex.o
                0x00000000080012f2                HAL_NVIC_SetPriority
 .text.HAL_NVIC_EnableIRQ
                0x000000000800132a       0x1c ./Drivers/STM32F1xx_HAL_Driver/Src/stm32f1xx_hal_cortex.o
                0x000000000800132a                HAL_NVIC_EnableIRQ
 .text.HAL_SYSTICK_Config
                0x0000000008001346       0x18 ./Drivers/STM32F1xx_HAL_Driver/Src/stm32f1xx_hal_cortex.o
                0x0000000008001346                HAL_SYSTICK_Config
 *fill*         0x000000000800135e        0x2 
 .text.HAL_GPIO_Init
                0x0000000008001360      0x2f4 ./Drivers/STM32F1xx_HAL_Driver/Src/stm32f1xx_hal_gpio.o
                0x0000000008001360                HAL_GPIO_Init
 .text.HAL_GPIO_WritePin
                0x0000000008001654       0x30 ./Drivers/STM32F1xx_HAL_Driver/Src/stm32f1xx_hal_gpio.o
                0x0000000008001654                HAL_GPIO_WritePin
 .text.HAL_GPIO_TogglePin
                0x0000000008001684       0x32 ./Drivers/STM32F1xx_HAL_Driver/Src/stm32f1xx_hal_gpio.o
                0x0000000008001684                HAL_GPIO_TogglePin
 *fill*         0x00000000080016b6        0x2 
 .text.HAL_RCC_OscConfig
                0x00000000080016b8      0x500 ./Drivers/STM32F1xx_HAL_Driver/Src/stm32f1xx_hal_rcc.o
                0x00000000080016b8                HAL_RCC_OscConfig
 .text.HAL_RCC_ClockConfig
                0x0000000008001bb8      0x1d4 ./Drivers/STM32F1xx_HAL_Driver/Src/stm32f1xx_hal_rcc.o
                0x0000000008001bb8                HAL_RCC_ClockConfig
 .text.HAL_RCC_GetSysClockFreq
                0x0000000008001d8c       0xa8 ./Drivers/STM32F1xx_HAL_Driver/Src/stm32f1xx_hal_rcc.o
                0x0000000008001d8c                HAL_RCC_GetSysClockFreq
 .text.RCC_Delay
                0x0000000008001e34       0x3c ./Drivers/STM32F1xx_HAL_Driver/Src/stm32f1xx_hal_rcc.o
 .text.HAL_TIM_Base_Init
                0x0000000008001e70       0x9e ./Drivers/STM32F1xx_HAL_Driver/Src/stm32f1xx_hal_tim.o
                0x0000000008001e70                HAL_TIM_Base_Init
 *fill*         0x0000000008001f0e        0x2 
 .text.HAL_TIM_Base_Start_IT
                0x0000000008001f10       0x98 ./Drivers/STM32F1xx_HAL_Driver/Src/stm32f1xx_hal_tim.o
                0x0000000008001f10                HAL_TIM_Base_Start_IT
 .text.HAL_TIM_IRQHandler
                0x0000000008001fa8      0x210 ./Drivers/STM32F1xx_HAL_Driver/Src/stm32f1xx_hal_tim.o
                0x0000000008001fa8                HAL_TIM_IRQHandler
 .text.HAL_TIM_ConfigClockSource
                0x00000000080021b8      0x18e ./Drivers/STM32F1xx_HAL_Driver/Src/stm32f1xx_hal_tim.o
                0x00000000080021b8                HAL_TIM_ConfigClockSource
 .text.HAL_TIM_OC_DelayElapsedCallback
                0x0000000008002346       0x12 ./Drivers/STM32F1xx_HAL_Driver/Src/stm32f1xx_hal_tim.o
                0x0000000008002346                HAL_TIM_OC_DelayElapsedCallback
 .text.HAL_TIM_IC_CaptureCallback
                0x0000000008002358       0x12 ./Drivers/STM32F1xx_HAL_Driver/Src/stm32f1xx_hal_tim.o
                0x0000000008002358                HAL_TIM_IC_CaptureCallback
 .text.HAL_TIM_PWM_PulseFinishedCallback
                0x000000000800236a       0x12 ./Drivers/STM32F1xx_HAL_Driver/Src/stm32f1xx_hal_tim.o
                0x000000000800236a                HAL_TIM_PWM_PulseFinishedCallback
 .text.HAL_TIM_TriggerCallback
                0x000000000800237c       0x12 ./Drivers/STM32F1xx_HAL_Driver/Src/stm32f1xx_hal_tim.o
                0x000000000800237c                HAL_TIM_TriggerCallback
 *fill*         0x000000000800238e        0x2 
 .text.TIM_Base_SetConfig
                0x0000000008002390       0xb0 ./Drivers/STM32F1xx_HAL_Driver/Src/stm32f1xx_hal_tim.o
                0x0000000008002390                TIM_Base_SetConfig
 .text.TIM_TI1_ConfigInputStage
                0x0000000008002440       0x5c ./Drivers/STM32F1xx_HAL_Driver/Src/stm32f1xx_hal_tim.o
 .text.TIM_TI2_ConfigInputStage
                0x000000000800249c       0x5e ./Drivers/STM32F1xx_HAL_Driver/Src/stm32f1xx_hal_tim.o
 .text.TIM_ITRx_SetConfig
                0x00000000080024fa       0x34 ./Drivers/STM32F1xx_HAL_Driver/Src/stm32f1xx_hal_tim.o
 .text.TIM_ETR_SetConfig
                0x000000000800252e       0x3e ./Drivers/STM32F1xx_HAL_Driver/Src/stm32f1xx_hal_tim.o
                0x000000000800252e                TIM_ETR_SetConfig
 .text.HAL_TIMEx_MasterConfigSynchronization
                0x000000000800256c       0xb0 ./Drivers/STM32F1xx_HAL_Driver/Src/stm32f1xx_hal_tim_ex.o
                0x000000000800256c                HAL_TIMEx_MasterConfigSynchronization
 .text.HAL_TIMEx_CommutCallback
                0x000000000800261c       0x12 ./Drivers/STM32F1xx_HAL_Driver/Src/stm32f1xx_hal_tim_ex.o
                0x000000000800261c                HAL_TIMEx_CommutCallback
 .text.HAL_TIMEx_BreakCallback
                0x000000000800262e       0x12 ./Drivers/STM32F1xx_HAL_Driver/Src/stm32f1xx_hal_tim_ex.o
                0x000000000800262e                HAL_TIMEx_BreakCallback
 .text.__libc_init_array
                0x0000000008002640       0x48 c:/st/stm32cubeide_1.7.0/stm32cubeide/plugins/com.st.stm32cube.ide.mcu.externaltools.gnu-tools-for-stm32.9-2020-q2-update.win32_2.0.0.202105311346/tools/bin/../lib/gcc/arm-none-eabi/9.3.1/../../../../arm-none-eabi/lib/thumb/v7-m/nofp\libc_nano.a(lib_a-init.o)
                0x0000000008002640                __libc_init_array
 .text.memset   0x0000000008002688       0x10 c:/st/stm32cubeide_1.7.0/stm32cubeide/plugins/com.st.stm32cube.ide.mcu.externaltools.gnu-tools-for-stm32.9-2020-q2-update.win32_2.0.0.202105311346/tools/bin/../lib/gcc/arm-none-eabi/9.3.1/../../../../arm-none-eabi/lib/thumb/v7-m/nofp\libc_nano.a(lib_a-memset.o)
                0x0000000008002688                memset
 *(.glue_7)
 .glue_7        0x0000000008002698        0x0 linker stubs
 *(.glue_7t)
 .glue_7t       0x0000000008002698        0x0 linker stubs
 *(.eh_frame)
 .eh_frame      0x0000000008002698        0x0 c:/st/stm32cubeide_1.7.0/stm32cubeide/plugins/com.st.stm32cube.ide.mcu.externaltools.gnu-tools-for-stm32.9-2020-q2-update.win32_2.0.0.202105311346/tools/bin/../lib/gcc/arm-none-eabi/9.3.1/thumb/v7-m/nofp/crtbegin.o
 *(.init)
 .init          0x0000000008002698        0x4 c:/st/stm32cubeide_1.7.0/stm32cubeide/plugins/com.st.stm32cube.ide.mcu.externaltools.gnu-tools-for-stm32.9-2020-q2-update.win32_2.0.0.202105311346/tools/bin/../lib/gcc/arm-none-eabi/9.3.1/thumb/v7-m/nofp/crti.o
                0x0000000008002698                _init
 .init          0x000000000800269c        0x8 c:/st/stm32cubeide_1.7.0/stm32cubeide/plugins/com.st.stm32cube.ide.mcu.externaltools.gnu-tools-for-stm32.9-2020-q2-update.win32_2.0.0.202105311346/tools/bin/../lib/gcc/arm-none-eabi/9.3.1/thumb/v7-m/nofp/crtn.o
 *(.fini)
 .fini          0x00000000080026a4        0x4 c:/st/stm32cubeide_1.7.0/stm32cubeide/plugins/com.st.stm32cube.ide.mcu.externaltools.gnu-tools-for-stm32.9-2020-q2-update.win32_2.0.0.202105311346/tools/bin/../lib/gcc/arm-none-eabi/9.3.1/thumb/v7-m/nofp/crti.o
                0x00000000080026a4                _fini
 .fini          0x00000000080026a8        0x8 c:/st/stm32cubeide_1.7.0/stm32cubeide/plugins/com.st.stm32cube.ide.mcu.externaltools.gnu-tools-for-stm32.9-2020-q2-update.win32_2.0.0.202105311346/tools/bin/../lib/gcc/arm-none-eabi/9.3.1/thumb/v7-m/nofp/crtn.o
                0x00000000080026b0                . = ALIGN (0x4)
                0x00000000080026b0                _etext = .

.vfp11_veneer   0x00000000080026b0        0x0
 .vfp11_veneer  0x00000000080026b0        0x0 linker stubs

.v4_bx          0x00000000080026b0        0x0
 .v4_bx         0x00000000080026b0        0x0 linker stubs

.iplt           0x00000000080026b0        0x0
 .iplt          0x00000000080026b0        0x0 c:/st/stm32cubeide_1.7.0/stm32cubeide/plugins/com.st.stm32cube.ide.mcu.externaltools.gnu-tools-for-stm32.9-2020-q2-update.win32_2.0.0.202105311346/tools/bin/../lib/gcc/arm-none-eabi/9.3.1/thumb/v7-m/nofp/crtbegin.o

.rodata         0x00000000080026b0       0x24
                0x00000000080026b0                . = ALIGN (0x4)
 *(.rodata)
 *(.rodata*)
 .rodata.AHBPrescTable
                0x00000000080026b0       0x10 ./Core/Src/system_stm32f1xx.o
                0x00000000080026b0                AHBPrescTable
 .rodata.aPLLMULFactorTable.6032
                0x00000000080026c0       0x10 ./Drivers/STM32F1xx_HAL_Driver/Src/stm32f1xx_hal_rcc.o
 .rodata.aPredivFactorTable.6033
                0x00000000080026d0        0x2 ./Drivers/STM32F1xx_HAL_Driver/Src/stm32f1xx_hal_rcc.o
                0x00000000080026d4                . = ALIGN (0x4)
 *fill*         0x00000000080026d2        0x2 

.rel.dyn        0x00000000080026d4        0x0
 .rel.iplt      0x00000000080026d4        0x0 c:/st/stm32cubeide_1.7.0/stm32cubeide/plugins/com.st.stm32cube.ide.mcu.externaltools.gnu-tools-for-stm32.9-2020-q2-update.win32_2.0.0.202105311346/tools/bin/../lib/gcc/arm-none-eabi/9.3.1/thumb/v7-m/nofp/crtbegin.o

.ARM.extab      0x00000000080026d4        0x0
                0x00000000080026d4                . = ALIGN (0x4)
 *(.ARM.extab* .gnu.linkonce.armextab.*)
                0x00000000080026d4                . = ALIGN (0x4)

.ARM            0x00000000080026d4        0x0
                0x00000000080026d4                . = ALIGN (0x4)
                0x00000000080026d4                __exidx_start = .
 *(.ARM.exidx*)
                0x00000000080026d4                __exidx_end = .
                0x00000000080026d4                . = ALIGN (0x4)

.preinit_array  0x00000000080026d4        0x0
                0x00000000080026d4                . = ALIGN (0x4)
                0x00000000080026d4                PROVIDE (__preinit_array_start = .)
 *(.preinit_array*)
                0x00000000080026d4                PROVIDE (__preinit_array_end = .)
                0x00000000080026d4                . = ALIGN (0x4)

.init_array     0x00000000080026d4        0x4
                0x00000000080026d4                . = ALIGN (0x4)
                0x00000000080026d4                PROVIDE (__init_array_start = .)
 *(SORT_BY_NAME(.init_array.*))
 *(.init_array*)
 .init_array    0x00000000080026d4        0x4 c:/st/stm32cubeide_1.7.0/stm32cubeide/plugins/com.st.stm32cube.ide.mcu.externaltools.gnu-tools-for-stm32.9-2020-q2-update.win32_2.0.0.202105311346/tools/bin/../lib/gcc/arm-none-eabi/9.3.1/thumb/v7-m/nofp/crtbegin.o
                0x00000000080026d8                PROVIDE (__init_array_end = .)
                0x00000000080026d8                . = ALIGN (0x4)

.fini_array     0x00000000080026d8        0x4
                0x00000000080026d8                . = ALIGN (0x4)
                [!provide]                        PROVIDE (__fini_array_start = .)
 *(SORT_BY_NAME(.fini_array.*))
 *(.fini_array*)
 .fini_array    0x00000000080026d8        0x4 c:/st/stm32cubeide_1.7.0/stm32cubeide/plugins/com.st.stm32cube.ide.mcu.externaltools.gnu-tools-for-stm32.9-2020-q2-update.win32_2.0.0.202105311346/tools/bin/../lib/gcc/arm-none-eabi/9.3.1/thumb/v7-m/nofp/crtbegin.o
                [!provide]                        PROVIDE (__fini_array_end = .)
                0x00000000080026dc                . = ALIGN (0x4)
                0x00000000080026dc                _sidata = LOADADDR (.data)

.data           0x0000000020000000       0x1c load address 0x00000000080026dc
                0x0000000020000000                . = ALIGN (0x4)
                0x0000000020000000                _sdata = .
 *(.data)
 *(.data*)
 .data.led_buffer
                0x0000000020000000       0x10 ./Core/Src/output_display.o
                0x0000000020000000                led_buffer
 .data.SystemCoreClock
                0x0000000020000010        0x4 ./Core/Src/system_stm32f1xx.o
                0x0000000020000010                SystemCoreClock
 .data.uwTickPrio
                0x0000000020000014        0x4 ./Drivers/STM32F1xx_HAL_Driver/Src/stm32f1xx_hal.o
                0x0000000020000014                uwTickPrio
 .data.uwTickFreq
                0x0000000020000018        0x1 ./Drivers/STM32F1xx_HAL_Driver/Src/stm32f1xx_hal.o
                0x0000000020000018                uwTickFreq
 *(.RamFunc)
 *(.RamFunc*)
                0x000000002000001c                . = ALIGN (0x4)
 *fill*         0x0000000020000019        0x3 
                0x000000002000001c                _edata = .

.igot.plt       0x000000002000001c        0x0 load address 0x00000000080026f8
 .igot.plt      0x000000002000001c        0x0 c:/st/stm32cubeide_1.7.0/stm32cubeide/plugins/com.st.stm32cube.ide.mcu.externaltools.gnu-tools-for-stm32.9-2020-q2-update.win32_2.0.0.202105311346/tools/bin/../lib/gcc/arm-none-eabi/9.3.1/thumb/v7-m/nofp/crtbegin.o
                0x000000002000001c                . = ALIGN (0x4)

.bss            0x000000002000001c       0xa0 load address 0x00000000080026f8
                0x000000002000001c                _sbss = .
                0x000000002000001c                __bss_start__ = _sbss
 *(.bss)
 .bss           0x000000002000001c       0x1c c:/st/stm32cubeide_1.7.0/stm32cubeide/plugins/com.st.stm32cube.ide.mcu.externaltools.gnu-tools-for-stm32.9-2020-q2-update.win32_2.0.0.202105311346/tools/bin/../lib/gcc/arm-none-eabi/9.3.1/thumb/v7-m/nofp/crtbegin.o
 *(.bss*)
 .bss.index_led
                0x0000000020000038        0x4 ./Core/Src/output_display.o
                0x0000000020000038                index_led
 .bss.state_single_led_blink
                0x000000002000003c        0x1 ./Core/Src/output_display.o
                0x000000002000003c                state_single_led_blink
 *(COMMON)
 *fill*         0x000000002000003d        0x3 
 COMMON         0x0000000020000040        0xd ./Core/Src/fsm_for_input_processing.o
                0x0000000020000040                green_duration
                0x0000000020000044                TIMER_DURATION
                0x0000000020000048                traffic_led_7SEG_2
                0x0000000020000049                traffic_state
                0x000000002000004a                amber_duration
                0x000000002000004b                red_duration
                0x000000002000004c                traffic_led_7SEG_1
 *fill*         0x000000002000004d        0x3 
 COMMON         0x0000000020000050       0x48 ./Core/Src/main.o
                0x0000000020000050                htim2
 COMMON         0x0000000020000098       0x20 ./Core/Src/software_timer.o
                0x0000000020000098                timer_blink_single_led_count
                0x000000002000009c                timer_sweep_led_7_seg_flag
                0x00000000200000a0                timer_sweep_led_7_seg_count
                0x00000000200000a4                timer_button_1_500ms_flag
                0x00000000200000a8                timer_1000ms_count
                0x00000000200000ac                timer_button_2_500ms_count
                0x00000000200000b0                timer_1000ms_flag
                0x00000000200000b1                timer_blink_single_led_flag
                0x00000000200000b2                timer_button_2_500ms_flag
                0x00000000200000b4                timer_button_1_500ms_count
 COMMON         0x00000000200000b8        0x4 ./Drivers/STM32F1xx_HAL_Driver/Src/stm32f1xx_hal.o
                0x00000000200000b8                uwTick
                0x00000000200000bc                . = ALIGN (0x4)
                0x00000000200000bc                _ebss = .
                0x00000000200000bc                __bss_end__ = _ebss

._user_heap_stack
                0x00000000200000bc      0x604 load address 0x00000000080026f8
                0x00000000200000c0                . = ALIGN (0x8)
 *fill*         0x00000000200000bc        0x4 
                [!provide]                        PROVIDE (end = .)
                0x00000000200000c0                PROVIDE (_end = .)
                0x00000000200002c0                . = (. + _Min_Heap_Size)
 *fill*         0x00000000200000c0      0x200 
                0x00000000200006c0                . = (. + _Min_Stack_Size)
 *fill*         0x00000000200002c0      0x400 
                0x00000000200006c0                . = ALIGN (0x8)

/DISCARD/
 libc.a(*)
 libm.a(*)
 libgcc.a(*)

.ARM.attributes
                0x0000000000000000       0x29
 *(.ARM.attributes)
 .ARM.attributes
                0x0000000000000000       0x1d c:/st/stm32cubeide_1.7.0/stm32cubeide/plugins/com.st.stm32cube.ide.mcu.externaltools.gnu-tools-for-stm32.9-2020-q2-update.win32_2.0.0.202105311346/tools/bin/../lib/gcc/arm-none-eabi/9.3.1/thumb/v7-m/nofp/crti.o
 .ARM.attributes
                0x000000000000001d       0x2d c:/st/stm32cubeide_1.7.0/stm32cubeide/plugins/com.st.stm32cube.ide.mcu.externaltools.gnu-tools-for-stm32.9-2020-q2-update.win32_2.0.0.202105311346/tools/bin/../lib/gcc/arm-none-eabi/9.3.1/thumb/v7-m/nofp/crtbegin.o
 .ARM.attributes
                0x000000000000004a       0x2d ./Core/Src/fsm_for_input_processing.o
 .ARM.attributes
                0x0000000000000077       0x2d ./Core/Src/fsm_for_traffic_processing.o
 .ARM.attributes
                0x00000000000000a4       0x2d ./Core/Src/main.o
 .ARM.attributes
                0x00000000000000d1       0x2d ./Core/Src/output_display.o
 .ARM.attributes
                0x00000000000000fe       0x2d ./Core/Src/software_timer.o
 .ARM.attributes
                0x000000000000012b       0x2d ./Core/Src/stm32f1xx_hal_msp.o
 .ARM.attributes
                0x0000000000000158       0x2d ./Core/Src/stm32f1xx_it.o
 .ARM.attributes
                0x0000000000000185       0x2d ./Core/Src/system_stm32f1xx.o
 .ARM.attributes
                0x00000000000001b2       0x21 ./Core/Startup/startup_stm32f103c6tx.o
 .ARM.attributes
                0x00000000000001d3       0x2d ./Drivers/STM32F1xx_HAL_Driver/Src/stm32f1xx_hal.o
 .ARM.attributes
                0x0000000000000200       0x2d ./Drivers/STM32F1xx_HAL_Driver/Src/stm32f1xx_hal_cortex.o
 .ARM.attributes
                0x000000000000022d       0x2d ./Drivers/STM32F1xx_HAL_Driver/Src/stm32f1xx_hal_gpio.o
 .ARM.attributes
                0x000000000000025a       0x2d ./Drivers/STM32F1xx_HAL_Driver/Src/stm32f1xx_hal_rcc.o
 .ARM.attributes
                0x0000000000000287       0x2d ./Drivers/STM32F1xx_HAL_Driver/Src/stm32f1xx_hal_tim.o
 .ARM.attributes
                0x00000000000002b4       0x2d ./Drivers/STM32F1xx_HAL_Driver/Src/stm32f1xx_hal_tim_ex.o
 .ARM.attributes
                0x00000000000002e1       0x2d c:/st/stm32cubeide_1.7.0/stm32cubeide/plugins/com.st.stm32cube.ide.mcu.externaltools.gnu-tools-for-stm32.9-2020-q2-update.win32_2.0.0.202105311346/tools/bin/../lib/gcc/arm-none-eabi/9.3.1/../../../../arm-none-eabi/lib/thumb/v7-m/nofp\libc_nano.a(lib_a-init.o)
 .ARM.attributes
                0x000000000000030e       0x2d c:/st/stm32cubeide_1.7.0/stm32cubeide/plugins/com.st.stm32cube.ide.mcu.externaltools.gnu-tools-for-stm32.9-2020-q2-update.win32_2.0.0.202105311346/tools/bin/../lib/gcc/arm-none-eabi/9.3.1/../../../../arm-none-eabi/lib/thumb/v7-m/nofp\libc_nano.a(lib_a-memset.o)
 .ARM.attributes
                0x000000000000033b       0x1d c:/st/stm32cubeide_1.7.0/stm32cubeide/plugins/com.st.stm32cube.ide.mcu.externaltools.gnu-tools-for-stm32.9-2020-q2-update.win32_2.0.0.202105311346/tools/bin/../lib/gcc/arm-none-eabi/9.3.1/thumb/v7-m/nofp/crtn.o
OUTPUT(LAB3_EX.elf elf32-littlearm)
LOAD linker stubs
LOAD c:/st/stm32cubeide_1.7.0/stm32cubeide/plugins/com.st.stm32cube.ide.mcu.externaltools.gnu-tools-for-stm32.9-2020-q2-update.win32_2.0.0.202105311346/tools/bin/../lib/gcc/arm-none-eabi/9.3.1/../../../../arm-none-eabi/lib/thumb/v7-m/nofp\libc.a
LOAD c:/st/stm32cubeide_1.7.0/stm32cubeide/plugins/com.st.stm32cube.ide.mcu.externaltools.gnu-tools-for-stm32.9-2020-q2-update.win32_2.0.0.202105311346/tools/bin/../lib/gcc/arm-none-eabi/9.3.1/../../../../arm-none-eabi/lib/thumb/v7-m/nofp\libm.a
LOAD c:/st/stm32cubeide_1.7.0/stm32cubeide/plugins/com.st.stm32cube.ide.mcu.externaltools.gnu-tools-for-stm32.9-2020-q2-update.win32_2.0.0.202105311346/tools/bin/../lib/gcc/arm-none-eabi/9.3.1/thumb/v7-m/nofp\libgcc.a

.debug_info     0x0000000000000000     0x93ce
 .debug_info    0x0000000000000000      0x283 ./Core/Src/fsm_for_input_processing.o
 .debug_info    0x0000000000000283      0x258 ./Core/Src/fsm_for_traffic_processing.o
 .debug_info    0x00000000000004db      0xc3e ./Core/Src/main.o
 .debug_info    0x0000000000001119      0x458 ./Core/Src/output_display.o
 .debug_info    0x0000000000001571      0x490 ./Core/Src/software_timer.o
 .debug_info    0x0000000000001a01      0xa87 ./Core/Src/stm32f1xx_hal_msp.o
 .debug_info    0x0000000000002488      0x837 ./Core/Src/stm32f1xx_it.o
 .debug_info    0x0000000000002cbf      0x2be ./Core/Src/system_stm32f1xx.o
 .debug_info    0x0000000000002f7d       0x22 ./Core/Startup/startup_stm32f103c6tx.o
 .debug_info    0x0000000000002f9f      0x74c ./Drivers/STM32F1xx_HAL_Driver/Src/stm32f1xx_hal.o
 .debug_info    0x00000000000036eb      0xbbe ./Drivers/STM32F1xx_HAL_Driver/Src/stm32f1xx_hal_cortex.o
 .debug_info    0x00000000000042a9      0x701 ./Drivers/STM32F1xx_HAL_Driver/Src/stm32f1xx_hal_gpio.o
 .debug_info    0x00000000000049aa      0x893 ./Drivers/STM32F1xx_HAL_Driver/Src/stm32f1xx_hal_rcc.o
 .debug_info    0x000000000000523d     0x2c12 ./Drivers/STM32F1xx_HAL_Driver/Src/stm32f1xx_hal_tim.o
 .debug_info    0x0000000000007e4f     0x157f ./Drivers/STM32F1xx_HAL_Driver/Src/stm32f1xx_hal_tim_ex.o

.debug_abbrev   0x0000000000000000     0x19ff
 .debug_abbrev  0x0000000000000000       0xf7 ./Core/Src/fsm_for_input_processing.o
 .debug_abbrev  0x00000000000000f7       0xc9 ./Core/Src/fsm_for_traffic_processing.o
 .debug_abbrev  0x00000000000001c0      0x246 ./Core/Src/main.o
 .debug_abbrev  0x0000000000000406      0x1bd ./Core/Src/output_display.o
 .debug_abbrev  0x00000000000005c3      0x16a ./Core/Src/software_timer.o
 .debug_abbrev  0x000000000000072d      0x1ca ./Core/Src/stm32f1xx_hal_msp.o
 .debug_abbrev  0x00000000000008f7      0x189 ./Core/Src/stm32f1xx_it.o
 .debug_abbrev  0x0000000000000a80      0x14e ./Core/Src/system_stm32f1xx.o
 .debug_abbrev  0x0000000000000bce       0x12 ./Core/Startup/startup_stm32f103c6tx.o
 .debug_abbrev  0x0000000000000be0      0x1ed ./Drivers/STM32F1xx_HAL_Driver/Src/stm32f1xx_hal.o
 .debug_abbrev  0x0000000000000dcd      0x313 ./Drivers/STM32F1xx_HAL_Driver/Src/stm32f1xx_hal_cortex.o
 .debug_abbrev  0x00000000000010e0      0x1e8 ./Drivers/STM32F1xx_HAL_Driver/Src/stm32f1xx_hal_gpio.o
 .debug_abbrev  0x00000000000012c8      0x273 ./Drivers/STM32F1xx_HAL_Driver/Src/stm32f1xx_hal_rcc.o
 .debug_abbrev  0x000000000000153b      0x25e ./Drivers/STM32F1xx_HAL_Driver/Src/stm32f1xx_hal_tim.o
 .debug_abbrev  0x0000000000001799      0x266 ./Drivers/STM32F1xx_HAL_Driver/Src/stm32f1xx_hal_tim_ex.o

.debug_aranges  0x0000000000000000      0xa80
 .debug_aranges
                0x0000000000000000       0x20 ./Core/Src/fsm_for_input_processing.o
 .debug_aranges
                0x0000000000000020       0x40 ./Core/Src/fsm_for_traffic_processing.o
 .debug_aranges
                0x0000000000000060       0x48 ./Core/Src/main.o
 .debug_aranges
                0x00000000000000a8       0x78 ./Core/Src/output_display.o
 .debug_aranges
                0x0000000000000120       0x78 ./Core/Src/software_timer.o
 .debug_aranges
                0x0000000000000198       0x30 ./Core/Src/stm32f1xx_hal_msp.o
 .debug_aranges
                0x00000000000001c8       0x68 ./Core/Src/stm32f1xx_it.o
 .debug_aranges
                0x0000000000000230       0x28 ./Core/Src/system_stm32f1xx.o
 .debug_aranges
                0x0000000000000258       0x28 ./Core/Startup/startup_stm32f103c6tx.o
 .debug_aranges
                0x0000000000000280       0xe0 ./Drivers/STM32F1xx_HAL_Driver/Src/stm32f1xx_hal.o
 .debug_aranges
                0x0000000000000360      0x100 ./Drivers/STM32F1xx_HAL_Driver/Src/stm32f1xx_hal_cortex.o
 .debug_aranges
                0x0000000000000460       0x58 ./Drivers/STM32F1xx_HAL_Driver/Src/stm32f1xx_hal_gpio.o
 .debug_aranges
                0x00000000000004b8       0x90 ./Drivers/STM32F1xx_HAL_Driver/Src/stm32f1xx_hal_rcc.o
 .debug_aranges
                0x0000000000000548      0x3d0 ./Drivers/STM32F1xx_HAL_Driver/Src/stm32f1xx_hal_tim.o
 .debug_aranges
                0x0000000000000918      0x168 ./Drivers/STM32F1xx_HAL_Driver/Src/stm32f1xx_hal_tim_ex.o

.debug_ranges   0x0000000000000000      0x998
 .debug_ranges  0x0000000000000000       0x10 ./Core/Src/fsm_for_input_processing.o
 .debug_ranges  0x0000000000000010       0x30 ./Core/Src/fsm_for_traffic_processing.o
 .debug_ranges  0x0000000000000040       0x38 ./Core/Src/main.o
 .debug_ranges  0x0000000000000078       0x68 ./Core/Src/output_display.o
 .debug_ranges  0x00000000000000e0       0x68 ./Core/Src/software_timer.o
 .debug_ranges  0x0000000000000148       0x20 ./Core/Src/stm32f1xx_hal_msp.o
 .debug_ranges  0x0000000000000168       0x58 ./Core/Src/stm32f1xx_it.o
 .debug_ranges  0x00000000000001c0       0x18 ./Core/Src/system_stm32f1xx.o
 .debug_ranges  0x00000000000001d8       0x20 ./Core/Startup/startup_stm32f103c6tx.o
 .debug_ranges  0x00000000000001f8       0xd0 ./Drivers/STM32F1xx_HAL_Driver/Src/stm32f1xx_hal.o
 .debug_ranges  0x00000000000002c8       0xf0 ./Drivers/STM32F1xx_HAL_Driver/Src/stm32f1xx_hal_cortex.o
 .debug_ranges  0x00000000000003b8       0x48 ./Drivers/STM32F1xx_HAL_Driver/Src/stm32f1xx_hal_gpio.o
 .debug_ranges  0x0000000000000400       0x80 ./Drivers/STM32F1xx_HAL_Driver/Src/stm32f1xx_hal_rcc.o
 .debug_ranges  0x0000000000000480      0x3c0 ./Drivers/STM32F1xx_HAL_Driver/Src/stm32f1xx_hal_tim.o
 .debug_ranges  0x0000000000000840      0x158 ./Drivers/STM32F1xx_HAL_Driver/Src/stm32f1xx_hal_tim_ex.o

.debug_macro    0x0000000000000000    0x16bd1
 .debug_macro   0x0000000000000000      0x1f6 ./Core/Src/fsm_for_input_processing.o
 .debug_macro   0x00000000000001f6      0xa9c ./Core/Src/fsm_for_input_processing.o
 .debug_macro   0x0000000000000c92      0x215 ./Core/Src/fsm_for_input_processing.o
 .debug_macro   0x0000000000000ea7       0x2e ./Core/Src/fsm_for_input_processing.o
 .debug_macro   0x0000000000000ed5       0x22 ./Core/Src/fsm_for_input_processing.o
 .debug_macro   0x0000000000000ef7       0x22 ./Core/Src/fsm_for_input_processing.o
 .debug_macro   0x0000000000000f19       0x8e ./Core/Src/fsm_for_input_processing.o
 .debug_macro   0x0000000000000fa7       0x51 ./Core/Src/fsm_for_input_processing.o
 .debug_macro   0x0000000000000ff8      0x103 ./Core/Src/fsm_for_input_processing.o
 .debug_macro   0x00000000000010fb       0x6a ./Core/Src/fsm_for_input_processing.o
 .debug_macro   0x0000000000001165      0x1df ./Core/Src/fsm_for_input_processing.o
 .debug_macro   0x0000000000001344       0x1c ./Core/Src/fsm_for_input_processing.o
 .debug_macro   0x0000000000001360       0x22 ./Core/Src/fsm_for_input_processing.o
 .debug_macro   0x0000000000001382       0xc3 ./Core/Src/fsm_for_input_processing.o
 .debug_macro   0x0000000000001445      0xd23 ./Core/Src/fsm_for_input_processing.o
 .debug_macro   0x0000000000002168     0xde75 ./Core/Src/fsm_for_input_processing.o
 .debug_macro   0x000000000000ffdd       0x6d ./Core/Src/fsm_for_input_processing.o
 .debug_macro   0x000000000001004a     0x348d ./Core/Src/fsm_for_input_processing.o
 .debug_macro   0x00000000000134d7      0x174 ./Core/Src/fsm_for_input_processing.o
 .debug_macro   0x000000000001364b       0x5c ./Core/Src/fsm_for_input_processing.o
 .debug_macro   0x00000000000136a7      0x5bc ./Core/Src/fsm_for_input_processing.o
 .debug_macro   0x0000000000013c63      0x1b7 ./Core/Src/fsm_for_input_processing.o
 .debug_macro   0x0000000000013e1a      0x1cb ./Core/Src/fsm_for_input_processing.o
 .debug_macro   0x0000000000013fe5      0x114 ./Core/Src/fsm_for_input_processing.o
 .debug_macro   0x00000000000140f9      0x1b2 ./Core/Src/fsm_for_input_processing.o
 .debug_macro   0x00000000000142ab       0x27 ./Core/Src/fsm_for_input_processing.o
 .debug_macro   0x00000000000142d2      0x12f ./Core/Src/fsm_for_input_processing.o
 .debug_macro   0x0000000000014401      0x1bc ./Core/Src/fsm_for_input_processing.o
 .debug_macro   0x00000000000145bd       0x34 ./Core/Src/fsm_for_input_processing.o
 .debug_macro   0x00000000000145f1       0x3c ./Core/Src/fsm_for_input_processing.o
 .debug_macro   0x000000000001462d       0x57 ./Core/Src/fsm_for_input_processing.o
 .debug_macro   0x0000000000014684       0x87 ./Core/Src/fsm_for_input_processing.o
 .debug_macro   0x000000000001470b      0x183 ./Core/Src/fsm_for_input_processing.o
 .debug_macro   0x000000000001488e      0x140 ./Core/Src/fsm_for_input_processing.o
 .debug_macro   0x00000000000149ce      0x8ed ./Core/Src/fsm_for_input_processing.o
 .debug_macro   0x00000000000152bb       0x69 ./Core/Src/fsm_for_input_processing.o
 .debug_macro   0x0000000000015324      0x100 ./Core/Src/fsm_for_input_processing.o
 .debug_macro   0x0000000000015424       0x10 ./Core/Src/fsm_for_input_processing.o
 .debug_macro   0x0000000000015434       0x46 ./Core/Src/fsm_for_input_processing.o
 .debug_macro   0x000000000001547a      0x1ea ./Core/Src/fsm_for_traffic_processing.o
 .debug_macro   0x0000000000015664      0x1f3 ./Core/Src/main.o
 .debug_macro   0x0000000000015857      0x1e4 ./Core/Src/output_display.o
 .debug_macro   0x0000000000015a3b      0x1eb ./Core/Src/software_timer.o
 .debug_macro   0x0000000000015c26      0x1ef ./Core/Src/stm32f1xx_hal_msp.o
 .debug_macro   0x0000000000015e15      0x1f9 ./Core/Src/stm32f1xx_it.o
 .debug_macro   0x000000000001600e      0x197 ./Core/Src/system_stm32f1xx.o
 .debug_macro   0x00000000000161a5      0x1bb ./Drivers/STM32F1xx_HAL_Driver/Src/stm32f1xx_hal.o
 .debug_macro   0x0000000000016360      0x197 ./Drivers/STM32F1xx_HAL_Driver/Src/stm32f1xx_hal_cortex.o
 .debug_macro   0x00000000000164f7      0x202 ./Drivers/STM32F1xx_HAL_Driver/Src/stm32f1xx_hal_gpio.o
 .debug_macro   0x00000000000166f9      0x1a9 ./Drivers/STM32F1xx_HAL_Driver/Src/stm32f1xx_hal_rcc.o
 .debug_macro   0x00000000000168a2      0x198 ./Drivers/STM32F1xx_HAL_Driver/Src/stm32f1xx_hal_tim.o
 .debug_macro   0x0000000000016a3a      0x197 ./Drivers/STM32F1xx_HAL_Driver/Src/stm32f1xx_hal_tim_ex.o

.debug_line     0x0000000000000000     0xb433
 .debug_line    0x0000000000000000      0x72d ./Core/Src/fsm_for_input_processing.o
 .debug_line    0x000000000000072d      0x7d1 ./Core/Src/fsm_for_traffic_processing.o
 .debug_line    0x0000000000000efe      0x80d ./Core/Src/main.o
 .debug_line    0x000000000000170b      0x8d3 ./Core/Src/output_display.o
 .debug_line    0x0000000000001fde      0x80f ./Core/Src/software_timer.o
 .debug_line    0x00000000000027ed      0x706 ./Core/Src/stm32f1xx_hal_msp.o
 .debug_line    0x0000000000002ef3      0x7a4 ./Core/Src/stm32f1xx_it.o
 .debug_line    0x0000000000003697      0x6e3 ./Core/Src/system_stm32f1xx.o
 .debug_line    0x0000000000003d7a       0x86 ./Core/Startup/startup_stm32f103c6tx.o
 .debug_line    0x0000000000003e00      0x910 ./Drivers/STM32F1xx_HAL_Driver/Src/stm32f1xx_hal.o
 .debug_line    0x0000000000004710      0xaf8 ./Drivers/STM32F1xx_HAL_Driver/Src/stm32f1xx_hal_cortex.o
 .debug_line    0x0000000000005208      0x993 ./Drivers/STM32F1xx_HAL_Driver/Src/stm32f1xx_hal_gpio.o
 .debug_line    0x0000000000005b9b      0xd1c ./Drivers/STM32F1xx_HAL_Driver/Src/stm32f1xx_hal_rcc.o
 .debug_line    0x00000000000068b7     0x3346 ./Drivers/STM32F1xx_HAL_Driver/Src/stm32f1xx_hal_tim.o
 .debug_line    0x0000000000009bfd     0x1836 ./Drivers/STM32F1xx_HAL_Driver/Src/stm32f1xx_hal_tim_ex.o

.debug_str      0x0000000000000000    0x825c3
 .debug_str     0x0000000000000000    0x7f8d5 ./Core/Src/fsm_for_input_processing.o
                                      0x7fc11 (size before relaxing)
 .debug_str     0x000000000007f8d5       0x8e ./Core/Src/fsm_for_traffic_processing.o
                                      0x7fbe6 (size before relaxing)
 .debug_str     0x000000000007f963      0x725 ./Core/Src/main.o
                                      0x8034c (size before relaxing)
 .debug_str     0x0000000000080088      0x13c ./Core/Src/output_display.o
                                      0x7fce1 (size before relaxing)
 .debug_str     0x00000000000801c4      0x1bd ./Core/Src/software_timer.o
                                      0x7fdc6 (size before relaxing)
 .debug_str     0x0000000000080381      0x2ba ./Core/Src/stm32f1xx_hal_msp.o
                                      0x8037d (size before relaxing)
 .debug_str     0x000000000008063b       0xcd ./Core/Src/stm32f1xx_it.o
                                      0x800df (size before relaxing)
 .debug_str     0x0000000000080708       0x52 ./Core/Src/system_stm32f1xx.o
                                      0x7f6dc (size before relaxing)
 .debug_str     0x000000000008075a       0x36 ./Core/Startup/startup_stm32f103c6tx.o
                                         0x6b (size before relaxing)
 .debug_str     0x0000000000080790      0x304 ./Drivers/STM32F1xx_HAL_Driver/Src/stm32f1xx_hal.o
                                      0x7fd33 (size before relaxing)
 .debug_str     0x0000000000080a94      0x300 ./Drivers/STM32F1xx_HAL_Driver/Src/stm32f1xx_hal_cortex.o
                                      0x7fd3b (size before relaxing)
 .debug_str     0x0000000000080d94      0x324 ./Drivers/STM32F1xx_HAL_Driver/Src/stm32f1xx_hal_gpio.o
                                      0x7faa0 (size before relaxing)
 .debug_str     0x00000000000810b8      0x24f ./Drivers/STM32F1xx_HAL_Driver/Src/stm32f1xx_hal_rcc.o
                                      0x7fad9 (size before relaxing)
 .debug_str     0x0000000000081307      0xdce ./Drivers/STM32F1xx_HAL_Driver/Src/stm32f1xx_hal_tim.o
                                      0x80ab2 (size before relaxing)
 .debug_str     0x00000000000820d5      0x4ee ./Drivers/STM32F1xx_HAL_Driver/Src/stm32f1xx_hal_tim_ex.o
                                      0x80263 (size before relaxing)

.comment        0x0000000000000000       0x53
 .comment       0x0000000000000000       0x53 ./Core/Src/fsm_for_input_processing.o
                                         0x54 (size before relaxing)
 .comment       0x0000000000000053       0x54 ./Core/Src/fsm_for_traffic_processing.o
 .comment       0x0000000000000053       0x54 ./Core/Src/main.o
 .comment       0x0000000000000053       0x54 ./Core/Src/output_display.o
 .comment       0x0000000000000053       0x54 ./Core/Src/software_timer.o
 .comment       0x0000000000000053       0x54 ./Core/Src/stm32f1xx_hal_msp.o
 .comment       0x0000000000000053       0x54 ./Core/Src/stm32f1xx_it.o
 .comment       0x0000000000000053       0x54 ./Core/Src/system_stm32f1xx.o
 .comment       0x0000000000000053       0x54 ./Drivers/STM32F1xx_HAL_Driver/Src/stm32f1xx_hal.o
 .comment       0x0000000000000053       0x54 ./Drivers/STM32F1xx_HAL_Driver/Src/stm32f1xx_hal_cortex.o
 .comment       0x0000000000000053       0x54 ./Drivers/STM32F1xx_HAL_Driver/Src/stm32f1xx_hal_gpio.o
 .comment       0x0000000000000053       0x54 ./Drivers/STM32F1xx_HAL_Driver/Src/stm32f1xx_hal_rcc.o
 .comment       0x0000000000000053       0x54 ./Drivers/STM32F1xx_HAL_Driver/Src/stm32f1xx_hal_tim.o
 .comment       0x0000000000000053       0x54 ./Drivers/STM32F1xx_HAL_Driver/Src/stm32f1xx_hal_tim_ex.o

.debug_frame    0x0000000000000000     0x29b8
 .debug_frame   0x0000000000000000       0x2c ./Core/Src/fsm_for_input_processing.o
 .debug_frame   0x000000000000002c       0x9c ./Core/Src/fsm_for_traffic_processing.o
 .debug_frame   0x00000000000000c8       0xd4 ./Core/Src/main.o
 .debug_frame   0x000000000000019c      0x178 ./Core/Src/output_display.o
 .debug_frame   0x0000000000000314      0x1b0 ./Core/Src/software_timer.o
 .debug_frame   0x00000000000004c4       0x80 ./Core/Src/stm32f1xx_hal_msp.o
 .debug_frame   0x0000000000000544      0x120 ./Core/Src/stm32f1xx_it.o
 .debug_frame   0x0000000000000664       0x58 ./Core/Src/system_stm32f1xx.o
 .debug_frame   0x00000000000006bc      0x334 ./Drivers/STM32F1xx_HAL_Driver/Src/stm32f1xx_hal.o
 .debug_frame   0x00000000000009f0      0x428 ./Drivers/STM32F1xx_HAL_Driver/Src/stm32f1xx_hal_cortex.o
 .debug_frame   0x0000000000000e18      0x14c ./Drivers/STM32F1xx_HAL_Driver/Src/stm32f1xx_hal_gpio.o
 .debug_frame   0x0000000000000f64      0x218 ./Drivers/STM32F1xx_HAL_Driver/Src/stm32f1xx_hal_rcc.o
 .debug_frame   0x000000000000117c     0x11b8 ./Drivers/STM32F1xx_HAL_Driver/Src/stm32f1xx_hal_tim.o
 .debug_frame   0x0000000000002334      0x638 ./Drivers/STM32F1xx_HAL_Driver/Src/stm32f1xx_hal_tim_ex.o
 .debug_frame   0x000000000000296c       0x2c c:/st/stm32cubeide_1.7.0/stm32cubeide/plugins/com.st.stm32cube.ide.mcu.externaltools.gnu-tools-for-stm32.9-2020-q2-update.win32_2.0.0.202105311346/tools/bin/../lib/gcc/arm-none-eabi/9.3.1/../../../../arm-none-eabi/lib/thumb/v7-m/nofp\libc_nano.a(lib_a-init.o)
 .debug_frame   0x0000000000002998       0x20 c:/st/stm32cubeide_1.7.0/stm32cubeide/plugins/com.st.stm32cube.ide.mcu.externaltools.gnu-tools-for-stm32.9-2020-q2-update.win32_2.0.0.202105311346/tools/bin/../lib/gcc/arm-none-eabi/9.3.1/../../../../arm-none-eabi/lib/thumb/v7-m/nofp\libc_nano.a(lib_a-memset.o)
