Archive member included to satisfy reference by file (symbol)

c:/st/stm32cubeide_1.7.0/stm32cubeide/plugins/com.st.stm32cube.ide.mcu.externaltools.gnu-tools-for-stm32.9-2020-q2-update.win32_2.0.0.202105311346/tools/bin/../lib/gcc/arm-none-eabi/9.3.1/../../../../arm-none-eabi/lib/thumb/v7-m/nofp\libc_nano.a(lib_a-errno.o)
                              ./Core/Src/syscalls.o (__errno)
c:/st/stm32cubeide_1.7.0/stm32cubeide/plugins/com.st.stm32cube.ide.mcu.externaltools.gnu-tools-for-stm32.9-2020-q2-update.win32_2.0.0.202105311346/tools/bin/../lib/gcc/arm-none-eabi/9.3.1/../../../../arm-none-eabi/lib/thumb/v7-m/nofp\libc_nano.a(lib_a-exit.o)
                              c:/st/stm32cubeide_1.7.0/stm32cubeide/plugins/com.st.stm32cube.ide.mcu.externaltools.gnu-tools-for-stm32.9-2020-q2-update.win32_2.0.0.202105311346/tools/bin/../lib/gcc/arm-none-eabi/9.3.1/../../../../arm-none-eabi/lib/thumb/v7-m/nofp/crt0.o (exit)
c:/st/stm32cubeide_1.7.0/stm32cubeide/plugins/com.st.stm32cube.ide.mcu.externaltools.gnu-tools-for-stm32.9-2020-q2-update.win32_2.0.0.202105311346/tools/bin/../lib/gcc/arm-none-eabi/9.3.1/../../../../arm-none-eabi/lib/thumb/v7-m/nofp\libc_nano.a(lib_a-impure.o)
                              c:/st/stm32cubeide_1.7.0/stm32cubeide/plugins/com.st.stm32cube.ide.mcu.externaltools.gnu-tools-for-stm32.9-2020-q2-update.win32_2.0.0.202105311346/tools/bin/../lib/gcc/arm-none-eabi/9.3.1/../../../../arm-none-eabi/lib/thumb/v7-m/nofp\libc_nano.a(lib_a-exit.o) (_global_impure_ptr)
c:/st/stm32cubeide_1.7.0/stm32cubeide/plugins/com.st.stm32cube.ide.mcu.externaltools.gnu-tools-for-stm32.9-2020-q2-update.win32_2.0.0.202105311346/tools/bin/../lib/gcc/arm-none-eabi/9.3.1/../../../../arm-none-eabi/lib/thumb/v7-m/nofp\libc_nano.a(lib_a-init.o)
                              c:/st/stm32cubeide_1.7.0/stm32cubeide/plugins/com.st.stm32cube.ide.mcu.externaltools.gnu-tools-for-stm32.9-2020-q2-update.win32_2.0.0.202105311346/tools/bin/../lib/gcc/arm-none-eabi/9.3.1/../../../../arm-none-eabi/lib/thumb/v7-m/nofp/crt0.o (__libc_init_array)
c:/st/stm32cubeide_1.7.0/stm32cubeide/plugins/com.st.stm32cube.ide.mcu.externaltools.gnu-tools-for-stm32.9-2020-q2-update.win32_2.0.0.202105311346/tools/bin/../lib/gcc/arm-none-eabi/9.3.1/../../../../arm-none-eabi/lib/thumb/v7-m/nofp\libc_nano.a(lib_a-memset.o)
                              c:/st/stm32cubeide_1.7.0/stm32cubeide/plugins/com.st.stm32cube.ide.mcu.externaltools.gnu-tools-for-stm32.9-2020-q2-update.win32_2.0.0.202105311346/tools/bin/../lib/gcc/arm-none-eabi/9.3.1/../../../../arm-none-eabi/lib/thumb/v7-m/nofp/crt0.o (memset)

Allocating common symbols
Common symbol       size              file

timer_sweep_led_7_seg_flag
                    0x1               ./Core/Src/software_timer.o
green_duration      0x1               ./Core/Src/fsm_for_input_processing.o
TIMER_DURATION      0x4               ./Core/Src/fsm_for_input_processing.o
timer_sweep_led_7_seg_count
                    0x4               ./Core/Src/software_timer.o
timer_button_1_500ms_flag
                    0x1               ./Core/Src/software_timer.o
uwTick              0x4               ./Drivers/STM32F1xx_HAL_Driver/Src/stm32f1xx_hal.o
pFlash              0x20              ./Drivers/STM32F1xx_HAL_Driver/Src/stm32f1xx_hal_flash.o
traffic_led_7SEG_2  0x1               ./Core/Src/fsm_for_input_processing.o
timer_blink_single_led_2Hz_flag
                    0x1               ./Core/Src/software_timer.o
traffic_state       0x1               ./Core/Src/fsm_for_input_processing.o
timer_blink_single_led_1Hz_flag
                    0x1               ./Core/Src/software_timer.o
amber_duration      0x1               ./Core/Src/fsm_for_input_processing.o
timer_blink_single_led_2Hz_count
                    0x4               ./Core/Src/software_timer.o
timer_1000ms_count  0x4               ./Core/Src/software_timer.o
red_duration        0x1               ./Core/Src/fsm_for_input_processing.o
timer_button_2_500ms_count
                    0x4               ./Core/Src/software_timer.o
htim2               0x48              ./Core/Src/main.o
timer_1000ms_flag   0x1               ./Core/Src/software_timer.o
traffic_led_7SEG_1  0x1               ./Core/Src/fsm_for_input_processing.o
timer_button_2_500ms_flag
                    0x1               ./Core/Src/software_timer.o
timer_blink_single_led_1Hz_count
                    0x4               ./Core/Src/software_timer.o
timer_button_1_500ms_count
                    0x4               ./Core/Src/software_timer.o

Discarded input sections

 .text          0x0000000000000000        0x0 c:/st/stm32cubeide_1.7.0/stm32cubeide/plugins/com.st.stm32cube.ide.mcu.externaltools.gnu-tools-for-stm32.9-2020-q2-update.win32_2.0.0.202105311346/tools/bin/../lib/gcc/arm-none-eabi/9.3.1/thumb/v7-m/nofp/crti.o
[...]
Memory Configuration

Name             Origin             Length             Attributes
RAM              0x0000000020000000 0x0000000000002800 xrw
FLASH            0x0000000008000000 0x0000000000008000 xr
*default*        0x0000000000000000 0xffffffffffffffff

Linker script and memory map

LOAD c:/st/stm32cubeide_1.7.0/stm32cubeide/plugins/com.st.stm32cube.ide.mcu.externaltools.gnu-tools-for-stm32.9-2020-q2-update.win32_2.0.0.202105311346/tools/bin/../lib/gcc/arm-none-eabi/9.3.1/thumb/v7-m/nofp/crti.o
LOAD c:/st/stm32cubeide_1.7.0/stm32cubeide/plugins/com.st.stm32cube.ide.mcu.externaltools.gnu-tools-for-stm32.9-2020-q2-update.win32_2.0.0.202105311346/tools/bin/../lib/gcc/arm-none-eabi/9.3.1/thumb/v7-m/nofp/crtbegin.o
LOAD c:/st/stm32cubeide_1.7.0/stm32cubeide/plugins/com.st.stm32cube.ide.mcu.externaltools.gnu-tools-for-stm32.9-2020-q2-update.win32_2.0.0.202105311346/tools/bin/../lib/gcc/arm-none-eabi/9.3.1/../../../../arm-none-eabi/lib/thumb/v7-m/nofp/crt0.o
LOAD ./Core/Src/fsm_for_input_processing.o
LOAD ./Core/Src/fsm_for_traffic_processing.o
LOAD ./Core/Src/global.o
LOAD ./Core/Src/input_reading.o
LOAD ./Core/Src/main.o
LOAD ./Core/Src/output_display.o
LOAD ./Core/Src/software_timer.o
LOAD ./Core/Src/stm32f1xx_hal_msp.o
LOAD ./Core/Src/stm32f1xx_it.o
LOAD ./Core/Src/syscalls.o
LOAD ./Core/Src/sysmem.o
LOAD ./Core/Src/system_stm32f1xx.o
LOAD ./Core/Startup/startup_stm32f103c6tx.o
LOAD ./Drivers/STM32F1xx_HAL_Driver/Src/stm32f1xx_hal.o
LOAD ./Drivers/STM32F1xx_HAL_Driver/Src/stm32f1xx_hal_cortex.o
LOAD ./Drivers/STM32F1xx_HAL_Driver/Src/stm32f1xx_hal_dma.o
LOAD ./Drivers/STM32F1xx_HAL_Driver/Src/stm32f1xx_hal_exti.o
LOAD ./Drivers/STM32F1xx_HAL_Driver/Src/stm32f1xx_hal_flash.o
LOAD ./Drivers/STM32F1xx_HAL_Driver/Src/stm32f1xx_hal_flash_ex.o
LOAD ./Drivers/STM32F1xx_HAL_Driver/Src/stm32f1xx_hal_gpio.o
LOAD ./Drivers/STM32F1xx_HAL_Driver/Src/stm32f1xx_hal_gpio_ex.o
LOAD ./Drivers/STM32F1xx_HAL_Driver/Src/stm32f1xx_hal_pwr.o
LOAD ./Drivers/STM32F1xx_HAL_Driver/Src/stm32f1xx_hal_rcc.o
LOAD ./Drivers/STM32F1xx_HAL_Driver/Src/stm32f1xx_hal_rcc_ex.o
LOAD ./Drivers/STM32F1xx_HAL_Driver/Src/stm32f1xx_hal_tim.o
LOAD ./Drivers/STM32F1xx_HAL_Driver/Src/stm32f1xx_hal_tim_ex.o
START GROUP
LOAD c:/st/stm32cubeide_1.7.0/stm32cubeide/plugins/com.st.stm32cube.ide.mcu.externaltools.gnu-tools-for-stm32.9-2020-q2-update.win32_2.0.0.202105311346/tools/bin/../lib/gcc/arm-none-eabi/9.3.1/../../../../arm-none-eabi/lib/thumb/v7-m/nofp\libc_nano.a
LOAD c:/st/stm32cubeide_1.7.0/stm32cubeide/plugins/com.st.stm32cube.ide.mcu.externaltools.gnu-tools-for-stm32.9-2020-q2-update.win32_2.0.0.202105311346/tools/bin/../lib/gcc/arm-none-eabi/9.3.1/../../../../arm-none-eabi/lib/thumb/v7-m/nofp\libm.a
END GROUP
START GROUP
LOAD c:/st/stm32cubeide_1.7.0/stm32cubeide/plugins/com.st.stm32cube.ide.mcu.externaltools.gnu-tools-for-stm32.9-2020-q2-update.win32_2.0.0.202105311346/tools/bin/../lib/gcc/arm-none-eabi/9.3.1/thumb/v7-m/nofp\libgcc.a
LOAD c:/st/stm32cubeide_1.7.0/stm32cubeide/plugins/com.st.stm32cube.ide.mcu.externaltools.gnu-tools-for-stm32.9-2020-q2-update.win32_2.0.0.202105311346/tools/bin/../lib/gcc/arm-none-eabi/9.3.1/../../../../arm-none-eabi/lib/thumb/v7-m/nofp\libc_nano.a
END GROUP
START GROUP
LOAD c:/st/stm32cubeide_1.7.0/stm32cubeide/plugins/com.st.stm32cube.ide.mcu.externaltools.gnu-tools-for-stm32.9-2020-q2-update.win32_2.0.0.202105311346/tools/bin/../lib/gcc/arm-none-eabi/9.3.1/thumb/v7-m/nofp\libgcc.a
LOAD c:/st/stm32cubeide_1.7.0/stm32cubeide/plugins/com.st.stm32cube.ide.mcu.externaltools.gnu-tools-for-stm32.9-2020-q2-update.win32_2.0.0.202105311346/tools/bin/../lib/gcc/arm-none-eabi/9.3.1/../../../../arm-none-eabi/lib/thumb/v7-m/nofp\libc_nano.a
LOAD c:/st/stm32cubeide_1.7.0/stm32cubeide/plugins/com.st.stm32cube.ide.mcu.externaltools.gnu-tools-for-stm32.9-2020-q2-update.win32_2.0.0.202105311346/tools/bin/../lib/gcc/arm-none-eabi/9.3.1/../../../../arm-none-eabi/lib/thumb/v7-m/nofp\libnosys.a
END GROUP
START GROUP
LOAD c:/st/stm32cubeide_1.7.0/stm32cubeide/plugins/com.st.stm32cube.ide.mcu.externaltools.gnu-tools-for-stm32.9-2020-q2-update.win32_2.0.0.202105311346/tools/bin/../lib/gcc/arm-none-eabi/9.3.1/thumb/v7-m/nofp\libgcc.a
LOAD c:/st/stm32cubeide_1.7.0/stm32cubeide/plugins/com.st.stm32cube.ide.mcu.externaltools.gnu-tools-for-stm32.9-2020-q2-update.win32_2.0.0.202105311346/tools/bin/../lib/gcc/arm-none-eabi/9.3.1/../../../../arm-none-eabi/lib/thumb/v7-m/nofp\libc_nano.a
LOAD c:/st/stm32cubeide_1.7.0/stm32cubeide/plugins/com.st.stm32cube.ide.mcu.externaltools.gnu-tools-for-stm32.9-2020-q2-update.win32_2.0.0.202105311346/tools/bin/../lib/gcc/arm-none-eabi/9.3.1/../../../../arm-none-eabi/lib/thumb/v7-m/nofp\libnosys.a
END GROUP
LOAD c:/st/stm32cubeide_1.7.0/stm32cubeide/plugins/com.st.stm32cube.ide.mcu.externaltools.gnu-tools-for-stm32.9-2020-q2-update.win32_2.0.0.202105311346/tools/bin/../lib/gcc/arm-none-eabi/9.3.1/thumb/v7-m/nofp/crtend.o
LOAD c:/st/stm32cubeide_1.7.0/stm32cubeide/plugins/com.st.stm32cube.ide.mcu.externaltools.gnu-tools-for-stm32.9-2020-q2-update.win32_2.0.0.202105311346/tools/bin/../lib/gcc/arm-none-eabi/9.3.1/thumb/v7-m/nofp/crtn.o
                0x0000000020002800                _estack = (ORIGIN (RAM) + LENGTH (RAM))
                0x0000000000000200                _Min_Heap_Size = 0x200
                0x0000000000000400                _Min_Stack_Size = 0x400

.isr_vector     0x0000000008000000      0x10c
                0x0000000008000000                . = ALIGN (0x4)
 *(.isr_vector)
 .isr_vector    0x0000000008000000      0x10c ./Core/Startup/startup_stm32f103c6tx.o
                0x0000000008000000                g_pfnVectors
                0x000000000800010c                . = ALIGN (0x4)

.text           0x000000000800010c     0x2bdc
                0x000000000800010c                . = ALIGN (0x4)
 *(.text)
 .text          0x000000000800010c       0x40 c:/st/stm32cubeide_1.7.0/stm32cubeide/plugins/com.st.stm32cube.ide.mcu.externaltools.gnu-tools-for-stm32.9-2020-q2-update.win32_2.0.0.202105311346/tools/bin/../lib/gcc/arm-none-eabi/9.3.1/thumb/v7-m/nofp/crtbegin.o
 *(.text*)
 .text.fsm_for_input_1_processing
                0x000000000800014c       0xbc ./Core/Src/fsm_for_input_processing.o
                0x000000000800014c                fsm_for_input_1_processing
 .text.fsm_for_input_2_processing
                0x0000000008000208       0xbc ./Core/Src/fsm_for_input_processing.o
                0x0000000008000208                fsm_for_input_2_processing
 .text.fsm_for_input_3_processing
                0x00000000080002c4       0x4c ./Core/Src/fsm_for_input_processing.o
                0x00000000080002c4                fsm_for_input_3_processing
 .text.set_traffic_led_7SEG_duration_using_button_3
                0x0000000008000310       0x58 ./Core/Src/fsm_for_traffic_processing.o
                0x0000000008000310                set_traffic_led_7SEG_duration_using_button_3
 .text.increase_traffic_led_7SEG_using_button_2
                0x0000000008000368       0x54 ./Core/Src/fsm_for_traffic_processing.o
                0x0000000008000368                increase_traffic_led_7SEG_using_button_2
 .text.check_duration_led_7SEG
                0x00000000080003bc       0x40 ./Core/Src/fsm_for_traffic_processing.o
                0x00000000080003bc                check_duration_led_7SEG
 .text.update_traffic_state_using_button_1
                0x00000000080003fc       0x98 ./Core/Src/fsm_for_traffic_processing.o
                0x00000000080003fc                update_traffic_state_using_button_1
 .text.execute_GR
                0x0000000008000494       0x68 ./Core/Src/fsm_for_traffic_processing.o
                0x0000000008000494                execute_GR
 .text.execute_AR
                0x00000000080004fc       0x74 ./Core/Src/fsm_for_traffic_processing.o
                0x00000000080004fc                execute_AR
 .text.execute_RG
                0x0000000008000570       0x68 ./Core/Src/fsm_for_traffic_processing.o
                0x0000000008000570                execute_RG
 .text.execute_RA
                0x00000000080005d8       0x74 ./Core/Src/fsm_for_traffic_processing.o
                0x00000000080005d8                execute_RA
 .text.execute_MODE2
                0x000000000800064c       0x18 ./Core/Src/fsm_for_traffic_processing.o
                0x000000000800064c                execute_MODE2
 .text.execute_MODE3
                0x0000000008000664       0x18 ./Core/Src/fsm_for_traffic_processing.o
                0x0000000008000664                execute_MODE3
 .text.execute_MODE4
                0x000000000800067c       0x18 ./Core/Src/fsm_for_traffic_processing.o
                0x000000000800067c                execute_MODE4
 .text.fsm_for_traffic_state
                0x0000000008000694       0xa8 ./Core/Src/fsm_for_traffic_processing.o
                0x0000000008000694                fsm_for_traffic_state
 .text.button_reading
                0x000000000800073c      0x114 ./Core/Src/input_reading.o
                0x000000000800073c                button_reading
 .text.is_button_pressed
                0x0000000008000850       0x34 ./Core/Src/input_reading.o
                0x0000000008000850                is_button_pressed
 .text.is_button_pressed_1s
                0x0000000008000884       0x34 ./Core/Src/input_reading.o
                0x0000000008000884                is_button_pressed_1s
 .text.main     0x00000000080008b8       0x48 ./Core/Src/main.o
                0x00000000080008b8                main
 .text.SystemClock_Config
                0x0000000008000900       0x76 ./Core/Src/main.o
                0x0000000008000900                SystemClock_Config
 *fill*         0x0000000008000976        0x2 
 .text.MX_TIM2_Init
                0x0000000008000978       0xc8 ./Core/Src/main.o
 .text.MX_GPIO_Init
                0x0000000008000a40       0xc4 ./Core/Src/main.o
 .text.HAL_TIM_PeriodElapsedCallback
                0x0000000008000b04       0x18 ./Core/Src/main.o
                0x0000000008000b04                HAL_TIM_PeriodElapsedCallback
 .text.Error_Handler
                0x0000000008000b1c        0xa ./Core/Src/main.o
                0x0000000008000b1c                Error_Handler
 *fill*         0x0000000008000b26        0x2 
 .text.display7SEG
                0x0000000008000b28      0x320 ./Core/Src/output_display.o
                0x0000000008000b28                display7SEG
 .text.update7SEG
                0x0000000008000e48      0x144 ./Core/Src/output_display.o
                0x0000000008000e48                update7SEG
 .text.updateTraffic7SEGBuffer
                0x0000000008000f8c       0x80 ./Core/Src/output_display.o
                0x0000000008000f8c                updateTraffic7SEGBuffer
 .text.single_led_for_RG
                0x000000000800100c       0x48 ./Core/Src/output_display.o
                0x000000000800100c                single_led_for_RG
 .text.single_led_for_RA
                0x0000000008001054       0x48 ./Core/Src/output_display.o
                0x0000000008001054                single_led_for_RA
 .text.single_led_for_GR
                0x000000000800109c       0x48 ./Core/Src/output_display.o
                0x000000000800109c                single_led_for_GR
 .text.single_led_for_AR
                0x00000000080010e4       0x48 ./Core/Src/output_display.o
                0x00000000080010e4                single_led_for_AR
 .text.turn_on_all_single_led
                0x000000000800112c       0x48 ./Core/Src/output_display.o
                0x000000000800112c                turn_on_all_single_led
 .text.turn_off_all_single_led
                0x0000000008001174       0x48 ./Core/Src/output_display.o
                0x0000000008001174                turn_off_all_single_led
 .text.single_led_blink_2Hz
                0x00000000080011bc       0x88 ./Core/Src/output_display.o
                0x00000000080011bc                single_led_blink_2Hz
 .text.fsm_for_single_led
                0x0000000008001244       0x4c ./Core/Src/output_display.o
                0x0000000008001244                fsm_for_single_led
 .text.fsm_for_led_7_seg
                0x0000000008001290       0x40 ./Core/Src/output_display.o
                0x0000000008001290                fsm_for_led_7_seg
 .text.set_timer_1000ms
                0x00000000080012d0       0x28 ./Core/Src/software_timer.o
                0x00000000080012d0                set_timer_1000ms
 .text.get_timer_1000ms_flag
                0x00000000080012f8       0x14 ./Core/Src/software_timer.o
                0x00000000080012f8                get_timer_1000ms_flag
 .text.set_timer_button_1_500ms
                0x000000000800130c       0x28 ./Core/Src/software_timer.o
                0x000000000800130c                set_timer_button_1_500ms
 .text.get_timer_button_1_500ms_flag
                0x0000000008001334       0x14 ./Core/Src/software_timer.o
                0x0000000008001334                get_timer_button_1_500ms_flag
 .text.set_timer_button_2_500ms
                0x0000000008001348       0x28 ./Core/Src/software_timer.o
                0x0000000008001348                set_timer_button_2_500ms
 .text.get_timer_button_2_500ms_flag
                0x0000000008001370       0x14 ./Core/Src/software_timer.o
                0x0000000008001370                get_timer_button_2_500ms_flag
 .text.set_timer_blink_single_led_2Hz
                0x0000000008001384       0x28 ./Core/Src/software_timer.o
                0x0000000008001384                set_timer_blink_single_led_2Hz
 .text.get_timer_blink_single_led_2Hz_flag
                0x00000000080013ac       0x14 ./Core/Src/software_timer.o
                0x00000000080013ac                get_timer_blink_single_led_2Hz_flag
 .text.set_timer_blink_single_led_1Hz
                0x00000000080013c0       0x28 ./Core/Src/software_timer.o
                0x00000000080013c0                set_timer_blink_single_led_1Hz
 .text.set_timer_sweep_led_7_seg
                0x00000000080013e8       0x28 ./Core/Src/software_timer.o
                0x00000000080013e8                set_timer_sweep_led_7_seg
 .text.get_timer_sweep_led_7_seg_flag
                0x0000000008001410       0x14 ./Core/Src/software_timer.o
                0x0000000008001410                get_timer_sweep_led_7_seg_flag
 .text.timer_run
                0x0000000008001424       0xe0 ./Core/Src/software_timer.o
                0x0000000008001424                timer_run
 .text.init_timer
                0x0000000008001504       0x20 ./Core/Src/software_timer.o
                0x0000000008001504                init_timer
 .text.HAL_MspInit
                0x0000000008001524       0x64 ./Core/Src/stm32f1xx_hal_msp.o
                0x0000000008001524                HAL_MspInit
 .text.HAL_TIM_Base_MspInit
                0x0000000008001588       0x48 ./Core/Src/stm32f1xx_hal_msp.o
                0x0000000008001588                HAL_TIM_Base_MspInit
 .text.NMI_Handler
                0x00000000080015d0        0x6 ./Core/Src/stm32f1xx_it.o
                0x00000000080015d0                NMI_Handler
 .text.HardFault_Handler
                0x00000000080015d6        0x6 ./Core/Src/stm32f1xx_it.o
                0x00000000080015d6                HardFault_Handler
 .text.MemManage_Handler
                0x00000000080015dc        0x6 ./Core/Src/stm32f1xx_it.o
                0x00000000080015dc                MemManage_Handler
 .text.BusFault_Handler
                0x00000000080015e2        0x6 ./Core/Src/stm32f1xx_it.o
                0x00000000080015e2                BusFault_Handler
 .text.UsageFault_Handler
                0x00000000080015e8        0x6 ./Core/Src/stm32f1xx_it.o
                0x00000000080015e8                UsageFault_Handler
 .text.SVC_Handler
                0x00000000080015ee        0xc ./Core/Src/stm32f1xx_it.o
                0x00000000080015ee                SVC_Handler
 .text.DebugMon_Handler
                0x00000000080015fa        0xc ./Core/Src/stm32f1xx_it.o
                0x00000000080015fa                DebugMon_Handler
 .text.PendSV_Handler
                0x0000000008001606        0xc ./Core/Src/stm32f1xx_it.o
                0x0000000008001606                PendSV_Handler
 .text.SysTick_Handler
                0x0000000008001612        0xc ./Core/Src/stm32f1xx_it.o
                0x0000000008001612                SysTick_Handler
 *fill*         0x000000000800161e        0x2 
 .text.TIM2_IRQHandler
                0x0000000008001620       0x14 ./Core/Src/stm32f1xx_it.o
                0x0000000008001620                TIM2_IRQHandler
 .text.SystemInit
                0x0000000008001634        0xc ./Core/Src/system_stm32f1xx.o
                0x0000000008001634                SystemInit
 .text.Reset_Handler
                0x0000000008001640       0x48 ./Core/Startup/startup_stm32f103c6tx.o
                0x0000000008001640                Reset_Handler
 .text.Default_Handler
                0x0000000008001688        0x2 ./Core/Startup/startup_stm32f103c6tx.o
                0x0000000008001688                RTC_Alarm_IRQHandler
                0x0000000008001688                EXTI2_IRQHandler
                0x0000000008001688                TIM1_CC_IRQHandler
                0x0000000008001688                PVD_IRQHandler
                0x0000000008001688                EXTI3_IRQHandler
                0x0000000008001688                EXTI0_IRQHandler
                0x0000000008001688                ADC1_2_IRQHandler
                0x0000000008001688                SPI1_IRQHandler
                0x0000000008001688                TAMPER_IRQHandler
                0x0000000008001688                DMA1_Channel4_IRQHandler
                0x0000000008001688                RTC_IRQHandler
                0x0000000008001688                DMA1_Channel7_IRQHandler
                0x0000000008001688                CAN1_RX1_IRQHandler
                0x0000000008001688                I2C1_EV_IRQHandler
                0x0000000008001688                DMA1_Channel6_IRQHandler
                0x0000000008001688                TIM3_IRQHandler
                0x0000000008001688                RCC_IRQHandler
                0x0000000008001688                TIM1_TRG_COM_IRQHandler
                0x0000000008001688                DMA1_Channel1_IRQHandler
                0x0000000008001688                Default_Handler
                0x0000000008001688                EXTI15_10_IRQHandler
                0x0000000008001688                EXTI9_5_IRQHandler
                0x0000000008001688                DMA1_Channel5_IRQHandler
                0x0000000008001688                EXTI4_IRQHandler
                0x0000000008001688                USB_LP_CAN1_RX0_IRQHandler
                0x0000000008001688                USB_HP_CAN1_TX_IRQHandler
                0x0000000008001688                DMA1_Channel3_IRQHandler
                0x0000000008001688                TIM1_UP_IRQHandler
                0x0000000008001688                WWDG_IRQHandler
                0x0000000008001688                TIM1_BRK_IRQHandler
                0x0000000008001688                EXTI1_IRQHandler
                0x0000000008001688                USART2_IRQHandler
                0x0000000008001688                DMA1_Channel2_IRQHandler
                0x0000000008001688                CAN1_SCE_IRQHandler
                0x0000000008001688                FLASH_IRQHandler
                0x0000000008001688                USART1_IRQHandler
                0x0000000008001688                I2C1_ER_IRQHandler
                0x0000000008001688                USBWakeUp_IRQHandler
 *fill*         0x000000000800168a        0x2 
 .text.HAL_Init
                0x000000000800168c       0x2c ./Drivers/STM32F1xx_HAL_Driver/Src/stm32f1xx_hal.o
                0x000000000800168c                HAL_Init
 .text.HAL_InitTick
                0x00000000080016b8       0x60 ./Drivers/STM32F1xx_HAL_Driver/Src/stm32f1xx_hal.o
                0x00000000080016b8                HAL_InitTick
 .text.HAL_IncTick
                0x0000000008001718       0x24 ./Drivers/STM32F1xx_HAL_Driver/Src/stm32f1xx_hal.o
                0x0000000008001718                HAL_IncTick
 .text.HAL_GetTick
                0x000000000800173c       0x14 ./Drivers/STM32F1xx_HAL_Driver/Src/stm32f1xx_hal.o
                0x000000000800173c                HAL_GetTick
 .text.__NVIC_SetPriorityGrouping
                0x0000000008001750       0x48 ./Drivers/STM32F1xx_HAL_Driver/Src/stm32f1xx_hal_cortex.o
 .text.__NVIC_GetPriorityGrouping
                0x0000000008001798       0x1c ./Drivers/STM32F1xx_HAL_Driver/Src/stm32f1xx_hal_cortex.o
 .text.__NVIC_EnableIRQ
                0x00000000080017b4       0x38 ./Drivers/STM32F1xx_HAL_Driver/Src/stm32f1xx_hal_cortex.o
 .text.__NVIC_SetPriority
                0x00000000080017ec       0x54 ./Drivers/STM32F1xx_HAL_Driver/Src/stm32f1xx_hal_cortex.o
 .text.NVIC_EncodePriority
                0x0000000008001840       0x64 ./Drivers/STM32F1xx_HAL_Driver/Src/stm32f1xx_hal_cortex.o
 .text.SysTick_Config
                0x00000000080018a4       0x44 ./Drivers/STM32F1xx_HAL_Driver/Src/stm32f1xx_hal_cortex.o
 .text.HAL_NVIC_SetPriorityGrouping
                0x00000000080018e8       0x16 ./Drivers/STM32F1xx_HAL_Driver/Src/stm32f1xx_hal_cortex.o
                0x00000000080018e8                HAL_NVIC_SetPriorityGrouping
 .text.HAL_NVIC_SetPriority
                0x00000000080018fe       0x38 ./Drivers/STM32F1xx_HAL_Driver/Src/stm32f1xx_hal_cortex.o
                0x00000000080018fe                HAL_NVIC_SetPriority
 .text.HAL_NVIC_EnableIRQ
                0x0000000008001936       0x1c ./Drivers/STM32F1xx_HAL_Driver/Src/stm32f1xx_hal_cortex.o
                0x0000000008001936                HAL_NVIC_EnableIRQ
 .text.HAL_SYSTICK_Config
                0x0000000008001952       0x18 ./Drivers/STM32F1xx_HAL_Driver/Src/stm32f1xx_hal_cortex.o
                0x0000000008001952                HAL_SYSTICK_Config
 *fill*         0x000000000800196a        0x2 
 .text.HAL_GPIO_Init
                0x000000000800196c      0x2f4 ./Drivers/STM32F1xx_HAL_Driver/Src/stm32f1xx_hal_gpio.o
                0x000000000800196c                HAL_GPIO_Init
 .text.HAL_GPIO_ReadPin
                0x0000000008001c60       0x2e ./Drivers/STM32F1xx_HAL_Driver/Src/stm32f1xx_hal_gpio.o
                0x0000000008001c60                HAL_GPIO_ReadPin
 .text.HAL_GPIO_WritePin
                0x0000000008001c8e       0x30 ./Drivers/STM32F1xx_HAL_Driver/Src/stm32f1xx_hal_gpio.o
                0x0000000008001c8e                HAL_GPIO_WritePin
 .text.HAL_GPIO_TogglePin
                0x0000000008001cbe       0x32 ./Drivers/STM32F1xx_HAL_Driver/Src/stm32f1xx_hal_gpio.o
                0x0000000008001cbe                HAL_GPIO_TogglePin
 .text.HAL_RCC_OscConfig
                0x0000000008001cf0      0x500 ./Drivers/STM32F1xx_HAL_Driver/Src/stm32f1xx_hal_rcc.o
                0x0000000008001cf0                HAL_RCC_OscConfig
 .text.HAL_RCC_ClockConfig
                0x00000000080021f0      0x1d4 ./Drivers/STM32F1xx_HAL_Driver/Src/stm32f1xx_hal_rcc.o
                0x00000000080021f0                HAL_RCC_ClockConfig
 .text.HAL_RCC_GetSysClockFreq
                0x00000000080023c4       0xa8 ./Drivers/STM32F1xx_HAL_Driver/Src/stm32f1xx_hal_rcc.o
                0x00000000080023c4                HAL_RCC_GetSysClockFreq
 .text.RCC_Delay
                0x000000000800246c       0x3c ./Drivers/STM32F1xx_HAL_Driver/Src/stm32f1xx_hal_rcc.o
 .text.HAL_TIM_Base_Init
                0x00000000080024a8       0x9e ./Drivers/STM32F1xx_HAL_Driver/Src/stm32f1xx_hal_tim.o
                0x00000000080024a8                HAL_TIM_Base_Init
 *fill*         0x0000000008002546        0x2 
 .text.HAL_TIM_Base_Start_IT
                0x0000000008002548       0x98 ./Drivers/STM32F1xx_HAL_Driver/Src/stm32f1xx_hal_tim.o
                0x0000000008002548                HAL_TIM_Base_Start_IT
 .text.HAL_TIM_IRQHandler
                0x00000000080025e0      0x210 ./Drivers/STM32F1xx_HAL_Driver/Src/stm32f1xx_hal_tim.o
                0x00000000080025e0                HAL_TIM_IRQHandler
 .text.HAL_TIM_ConfigClockSource
                0x00000000080027f0      0x18e ./Drivers/STM32F1xx_HAL_Driver/Src/stm32f1xx_hal_tim.o
                0x00000000080027f0                HAL_TIM_ConfigClockSource
 .text.HAL_TIM_OC_DelayElapsedCallback
                0x000000000800297e       0x12 ./Drivers/STM32F1xx_HAL_Driver/Src/stm32f1xx_hal_tim.o
                0x000000000800297e                HAL_TIM_OC_DelayElapsedCallback
 .text.HAL_TIM_IC_CaptureCallback
                0x0000000008002990       0x12 ./Drivers/STM32F1xx_HAL_Driver/Src/stm32f1xx_hal_tim.o
                0x0000000008002990                HAL_TIM_IC_CaptureCallback
 .text.HAL_TIM_PWM_PulseFinishedCallback
                0x00000000080029a2       0x12 ./Drivers/STM32F1xx_HAL_Driver/Src/stm32f1xx_hal_tim.o
                0x00000000080029a2                HAL_TIM_PWM_PulseFinishedCallback
 .text.HAL_TIM_TriggerCallback
                0x00000000080029b4       0x12 ./Drivers/STM32F1xx_HAL_Driver/Src/stm32f1xx_hal_tim.o
                0x00000000080029b4                HAL_TIM_TriggerCallback
 *fill*         0x00000000080029c6        0x2 
 .text.TIM_Base_SetConfig
                0x00000000080029c8       0xb0 ./Drivers/STM32F1xx_HAL_Driver/Src/stm32f1xx_hal_tim.o
                0x00000000080029c8                TIM_Base_SetConfig
 .text.TIM_TI1_ConfigInputStage
                0x0000000008002a78       0x5c ./Drivers/STM32F1xx_HAL_Driver/Src/stm32f1xx_hal_tim.o
 .text.TIM_TI2_ConfigInputStage
                0x0000000008002ad4       0x5e ./Drivers/STM32F1xx_HAL_Driver/Src/stm32f1xx_hal_tim.o
 .text.TIM_ITRx_SetConfig
                0x0000000008002b32       0x34 ./Drivers/STM32F1xx_HAL_Driver/Src/stm32f1xx_hal_tim.o
 .text.TIM_ETR_SetConfig
                0x0000000008002b66       0x3e ./Drivers/STM32F1xx_HAL_Driver/Src/stm32f1xx_hal_tim.o
                0x0000000008002b66                TIM_ETR_SetConfig
 .text.HAL_TIMEx_MasterConfigSynchronization
                0x0000000008002ba4       0xb0 ./Drivers/STM32F1xx_HAL_Driver/Src/stm32f1xx_hal_tim_ex.o
                0x0000000008002ba4                HAL_TIMEx_MasterConfigSynchronization
 .text.HAL_TIMEx_CommutCallback
                0x0000000008002c54       0x12 ./Drivers/STM32F1xx_HAL_Driver/Src/stm32f1xx_hal_tim_ex.o
                0x0000000008002c54                HAL_TIMEx_CommutCallback
 .text.HAL_TIMEx_BreakCallback
                0x0000000008002c66       0x12 ./Drivers/STM32F1xx_HAL_Driver/Src/stm32f1xx_hal_tim_ex.o
                0x0000000008002c66                HAL_TIMEx_BreakCallback
 .text.__libc_init_array
                0x0000000008002c78       0x48 c:/st/stm32cubeide_1.7.0/stm32cubeide/plugins/com.st.stm32cube.ide.mcu.externaltools.gnu-tools-for-stm32.9-2020-q2-update.win32_2.0.0.202105311346/tools/bin/../lib/gcc/arm-none-eabi/9.3.1/../../../../arm-none-eabi/lib/thumb/v7-m/nofp\libc_nano.a(lib_a-init.o)
                0x0000000008002c78                __libc_init_array
 .text.memset   0x0000000008002cc0       0x10 c:/st/stm32cubeide_1.7.0/stm32cubeide/plugins/com.st.stm32cube.ide.mcu.externaltools.gnu-tools-for-stm32.9-2020-q2-update.win32_2.0.0.202105311346/tools/bin/../lib/gcc/arm-none-eabi/9.3.1/../../../../arm-none-eabi/lib/thumb/v7-m/nofp\libc_nano.a(lib_a-memset.o)
                0x0000000008002cc0                memset
 *(.glue_7)
 .glue_7        0x0000000008002cd0        0x0 linker stubs
 *(.glue_7t)
 .glue_7t       0x0000000008002cd0        0x0 linker stubs
 *(.eh_frame)
 .eh_frame      0x0000000008002cd0        0x0 c:/st/stm32cubeide_1.7.0/stm32cubeide/plugins/com.st.stm32cube.ide.mcu.externaltools.gnu-tools-for-stm32.9-2020-q2-update.win32_2.0.0.202105311346/tools/bin/../lib/gcc/arm-none-eabi/9.3.1/thumb/v7-m/nofp/crtbegin.o
 *(.init)
 .init          0x0000000008002cd0        0x4 c:/st/stm32cubeide_1.7.0/stm32cubeide/plugins/com.st.stm32cube.ide.mcu.externaltools.gnu-tools-for-stm32.9-2020-q2-update.win32_2.0.0.202105311346/tools/bin/../lib/gcc/arm-none-eabi/9.3.1/thumb/v7-m/nofp/crti.o
                0x0000000008002cd0                _init
 .init          0x0000000008002cd4        0x8 c:/st/stm32cubeide_1.7.0/stm32cubeide/plugins/com.st.stm32cube.ide.mcu.externaltools.gnu-tools-for-stm32.9-2020-q2-update.win32_2.0.0.202105311346/tools/bin/../lib/gcc/arm-none-eabi/9.3.1/thumb/v7-m/nofp/crtn.o
 *(.fini)
 .fini          0x0000000008002cdc        0x4 c:/st/stm32cubeide_1.7.0/stm32cubeide/plugins/com.st.stm32cube.ide.mcu.externaltools.gnu-tools-for-stm32.9-2020-q2-update.win32_2.0.0.202105311346/tools/bin/../lib/gcc/arm-none-eabi/9.3.1/thumb/v7-m/nofp/crti.o
                0x0000000008002cdc                _fini
 .fini          0x0000000008002ce0        0x8 c:/st/stm32cubeide_1.7.0/stm32cubeide/plugins/com.st.stm32cube.ide.mcu.externaltools.gnu-tools-for-stm32.9-2020-q2-update.win32_2.0.0.202105311346/tools/bin/../lib/gcc/arm-none-eabi/9.3.1/thumb/v7-m/nofp/crtn.o
                0x0000000008002ce8                . = ALIGN (0x4)
                0x0000000008002ce8                _etext = .

.vfp11_veneer   0x0000000008002ce8        0x0
 .vfp11_veneer  0x0000000008002ce8        0x0 linker stubs

.v4_bx          0x0000000008002ce8        0x0
 .v4_bx         0x0000000008002ce8        0x0 linker stubs

.iplt           0x0000000008002ce8        0x0
 .iplt          0x0000000008002ce8        0x0 c:/st/stm32cubeide_1.7.0/stm32cubeide/plugins/com.st.stm32cube.ide.mcu.externaltools.gnu-tools-for-stm32.9-2020-q2-update.win32_2.0.0.202105311346/tools/bin/../lib/gcc/arm-none-eabi/9.3.1/thumb/v7-m/nofp/crtbegin.o

.rodata         0x0000000008002ce8       0x24
                0x0000000008002ce8                . = ALIGN (0x4)
 *(.rodata)
 *(.rodata*)
 .rodata.AHBPrescTable
                0x0000000008002ce8       0x10 ./Core/Src/system_stm32f1xx.o
                0x0000000008002ce8                AHBPrescTable
 .rodata.aPLLMULFactorTable.6032
                0x0000000008002cf8       0x10 ./Drivers/STM32F1xx_HAL_Driver/Src/stm32f1xx_hal_rcc.o
 .rodata.aPredivFactorTable.6033
                0x0000000008002d08        0x2 ./Drivers/STM32F1xx_HAL_Driver/Src/stm32f1xx_hal_rcc.o
                0x0000000008002d0c                . = ALIGN (0x4)
 *fill*         0x0000000008002d0a        0x2 

.rel.dyn        0x0000000008002d0c        0x0
 .rel.iplt      0x0000000008002d0c        0x0 c:/st/stm32cubeide_1.7.0/stm32cubeide/plugins/com.st.stm32cube.ide.mcu.externaltools.gnu-tools-for-stm32.9-2020-q2-update.win32_2.0.0.202105311346/tools/bin/../lib/gcc/arm-none-eabi/9.3.1/thumb/v7-m/nofp/crtbegin.o

.ARM.extab      0x0000000008002d0c        0x0
                0x0000000008002d0c                . = ALIGN (0x4)
 *(.ARM.extab* .gnu.linkonce.armextab.*)
                0x0000000008002d0c                . = ALIGN (0x4)

.ARM            0x0000000008002d0c        0x0
                0x0000000008002d0c                . = ALIGN (0x4)
                0x0000000008002d0c                __exidx_start = .
 *(.ARM.exidx*)
                0x0000000008002d0c                __exidx_end = .
                0x0000000008002d0c                . = ALIGN (0x4)

.preinit_array  0x0000000008002d0c        0x0
                0x0000000008002d0c                . = ALIGN (0x4)
                0x0000000008002d0c                PROVIDE (__preinit_array_start = .)
 *(.preinit_array*)
                0x0000000008002d0c                PROVIDE (__preinit_array_end = .)
                0x0000000008002d0c                . = ALIGN (0x4)

.init_array     0x0000000008002d0c        0x4
                0x0000000008002d0c                . = ALIGN (0x4)
                0x0000000008002d0c                PROVIDE (__init_array_start = .)
 *(SORT_BY_NAME(.init_array.*))
 *(.init_array*)
 .init_array    0x0000000008002d0c        0x4 c:/st/stm32cubeide_1.7.0/stm32cubeide/plugins/com.st.stm32cube.ide.mcu.externaltools.gnu-tools-for-stm32.9-2020-q2-update.win32_2.0.0.202105311346/tools/bin/../lib/gcc/arm-none-eabi/9.3.1/thumb/v7-m/nofp/crtbegin.o
                0x0000000008002d10                PROVIDE (__init_array_end = .)
                0x0000000008002d10                . = ALIGN (0x4)

.fini_array     0x0000000008002d10        0x4
                0x0000000008002d10                . = ALIGN (0x4)
                [!provide]                        PROVIDE (__fini_array_start = .)
 *(SORT_BY_NAME(.fini_array.*))
 *(.fini_array*)
 .fini_array    0x0000000008002d10        0x4 c:/st/stm32cubeide_1.7.0/stm32cubeide/plugins/com.st.stm32cube.ide.mcu.externaltools.gnu-tools-for-stm32.9-2020-q2-update.win32_2.0.0.202105311346/tools/bin/../lib/gcc/arm-none-eabi/9.3.1/thumb/v7-m/nofp/crtbegin.o
                [!provide]                        PROVIDE (__fini_array_end = .)
                0x0000000008002d14                . = ALIGN (0x4)
                0x0000000008002d14                _sidata = LOADADDR (.data)

.data           0x0000000020000000       0x20 load address 0x0000000008002d14
                0x0000000020000000                . = ALIGN (0x4)
                0x0000000020000000                _sdata = .
 *(.data)
 *(.data*)
 .data.buttonBuffer
                0x0000000020000000        0x3 ./Core/Src/input_reading.o
 *fill*         0x0000000020000003        0x1 
 .data.led_buffer
                0x0000000020000004       0x10 ./Core/Src/output_display.o
                0x0000000020000004                led_buffer
 .data.SystemCoreClock
                0x0000000020000014        0x4 ./Core/Src/system_stm32f1xx.o
                0x0000000020000014                SystemCoreClock
 .data.uwTickPrio
                0x0000000020000018        0x4 ./Drivers/STM32F1xx_HAL_Driver/Src/stm32f1xx_hal.o
                0x0000000020000018                uwTickPrio
 .data.uwTickFreq
                0x000000002000001c        0x1 ./Drivers/STM32F1xx_HAL_Driver/Src/stm32f1xx_hal.o
                0x000000002000001c                uwTickFreq
 *(.RamFunc)
 *(.RamFunc*)
                0x0000000020000020                . = ALIGN (0x4)
 *fill*         0x000000002000001d        0x3 
                0x0000000020000020                _edata = .

.igot.plt       0x0000000020000020        0x0 load address 0x0000000008002d34
 .igot.plt      0x0000000020000020        0x0 c:/st/stm32cubeide_1.7.0/stm32cubeide/plugins/com.st.stm32cube.ide.mcu.externaltools.gnu-tools-for-stm32.9-2020-q2-update.win32_2.0.0.202105311346/tools/bin/../lib/gcc/arm-none-eabi/9.3.1/thumb/v7-m/nofp/crtbegin.o
                0x0000000020000020                . = ALIGN (0x4)

.bss            0x0000000020000020       0xbc load address 0x0000000008002d34
                0x0000000020000020                _sbss = .
                0x0000000020000020                __bss_start__ = _sbss
 *(.bss)
 .bss           0x0000000020000020       0x1c c:/st/stm32cubeide_1.7.0/stm32cubeide/plugins/com.st.stm32cube.ide.mcu.externaltools.gnu-tools-for-stm32.9-2020-q2-update.win32_2.0.0.202105311346/tools/bin/../lib/gcc/arm-none-eabi/9.3.1/thumb/v7-m/nofp/crtbegin.o
 *(.bss*)
 .bss.buttonState
                0x000000002000003c        0x3 ./Core/Src/fsm_for_input_processing.o
                0x000000002000003c                buttonState
 *fill*         0x000000002000003f        0x1 
 .bss.debounceButtonBuffer1
                0x0000000020000040        0x3 ./Core/Src/input_reading.o
 *fill*         0x0000000020000043        0x1 
 .bss.debounceButtonBuffer2
                0x0000000020000044        0x3 ./Core/Src/input_reading.o
 *fill*         0x0000000020000047        0x1 
 .bss.flagForButtonPress1s
                0x0000000020000048        0x3 ./Core/Src/input_reading.o
 *fill*         0x000000002000004b        0x1 
 .bss.counterForButtonPress1s
                0x000000002000004c        0x6 ./Core/Src/input_reading.o
 *fill*         0x0000000020000052        0x2 
 .bss.index_led
                0x0000000020000054        0x4 ./Core/Src/output_display.o
                0x0000000020000054                index_led
 .bss.state_single_led_blink
                0x0000000020000058        0x1 ./Core/Src/output_display.o
                0x0000000020000058                state_single_led_blink
 *(COMMON)
 *fill*         0x0000000020000059        0x3 
 COMMON         0x000000002000005c        0xd ./Core/Src/fsm_for_input_processing.o
                0x000000002000005c                green_duration
                0x0000000020000060                TIMER_DURATION
                0x0000000020000064                traffic_led_7SEG_2
                0x0000000020000065                traffic_state
                0x0000000020000066                amber_duration
                0x0000000020000067                red_duration
                0x0000000020000068                traffic_led_7SEG_1
 *fill*         0x0000000020000069        0x3 
 COMMON         0x000000002000006c       0x48 ./Core/Src/main.o
                0x000000002000006c                htim2
 COMMON         0x00000000200000b4       0x24 ./Core/Src/software_timer.o
                0x00000000200000b4                timer_sweep_led_7_seg_flag
                0x00000000200000b8                timer_sweep_led_7_seg_count
                0x00000000200000bc                timer_button_1_500ms_flag
                0x00000000200000bd                timer_blink_single_led_2Hz_flag
                0x00000000200000be                timer_blink_single_led_1Hz_flag
                0x00000000200000c0                timer_blink_single_led_2Hz_count
                0x00000000200000c4                timer_1000ms_count
                0x00000000200000c8                timer_button_2_500ms_count
                0x00000000200000cc                timer_1000ms_flag
                0x00000000200000cd                timer_button_2_500ms_flag
                0x00000000200000d0                timer_blink_single_led_1Hz_count
                0x00000000200000d4                timer_button_1_500ms_count
 COMMON         0x00000000200000d8        0x4 ./Drivers/STM32F1xx_HAL_Driver/Src/stm32f1xx_hal.o
                0x00000000200000d8                uwTick
                0x00000000200000dc                . = ALIGN (0x4)
                0x00000000200000dc                _ebss = .
                0x00000000200000dc                __bss_end__ = _ebss

._user_heap_stack
                0x00000000200000dc      0x604 load address 0x0000000008002d34
                0x00000000200000e0                . = ALIGN (0x8)
 *fill*         0x00000000200000dc        0x4 
                [!provide]                        PROVIDE (end = .)
                0x00000000200000e0                PROVIDE (_end = .)
                0x00000000200002e0                . = (. + _Min_Heap_Size)
 *fill*         0x00000000200000e0      0x200 
                0x00000000200006e0                . = (. + _Min_Stack_Size)
 *fill*         0x00000000200002e0      0x400 
                0x00000000200006e0                . = ALIGN (0x8)

/DISCARD/
 libc.a(*)
 libm.a(*)
 libgcc.a(*)

.ARM.attributes
                0x0000000000000000       0x29
 *(.ARM.attributes)
 .ARM.attributes
                0x0000000000000000       0x1d c:/st/stm32cubeide_1.7.0/stm32cubeide/plugins/com.st.stm32cube.ide.mcu.externaltools.gnu-tools-for-stm32.9-2020-q2-update.win32_2.0.0.202105311346/tools/bin/../lib/gcc/arm-none-eabi/9.3.1/thumb/v7-m/nofp/crti.o
 .ARM.attributes
                0x000000000000001d       0x2d c:/st/stm32cubeide_1.7.0/stm32cubeide/plugins/com.st.stm32cube.ide.mcu.externaltools.gnu-tools-for-stm32.9-2020-q2-update.win32_2.0.0.202105311346/tools/bin/../lib/gcc/arm-none-eabi/9.3.1/thumb/v7-m/nofp/crtbegin.o
 .ARM.attributes
                0x000000000000004a       0x2d ./Core/Src/fsm_for_input_processing.o
 .ARM.attributes
                0x0000000000000077       0x2d ./Core/Src/fsm_for_traffic_processing.o
 .ARM.attributes
                0x00000000000000a4       0x2d ./Core/Src/input_reading.o
 .ARM.attributes
                0x00000000000000d1       0x2d ./Core/Src/main.o
 .ARM.attributes
                0x00000000000000fe       0x2d ./Core/Src/output_display.o
 .ARM.attributes
                0x000000000000012b       0x2d ./Core/Src/software_timer.o
 .ARM.attributes
                0x0000000000000158       0x2d ./Core/Src/stm32f1xx_hal_msp.o
 .ARM.attributes
                0x0000000000000185       0x2d ./Core/Src/stm32f1xx_it.o
 .ARM.attributes
                0x00000000000001b2       0x2d ./Core/Src/system_stm32f1xx.o
 .ARM.attributes
                0x00000000000001df       0x21 ./Core/Startup/startup_stm32f103c6tx.o
 .ARM.attributes
                0x0000000000000200       0x2d ./Drivers/STM32F1xx_HAL_Driver/Src/stm32f1xx_hal.o
 .ARM.attributes
                0x000000000000022d       0x2d ./Drivers/STM32F1xx_HAL_Driver/Src/stm32f1xx_hal_cortex.o
 .ARM.attributes
                0x000000000000025a       0x2d ./Drivers/STM32F1xx_HAL_Driver/Src/stm32f1xx_hal_gpio.o
 .ARM.attributes
                0x0000000000000287       0x2d ./Drivers/STM32F1xx_HAL_Driver/Src/stm32f1xx_hal_rcc.o
 .ARM.attributes
                0x00000000000002b4       0x2d ./Drivers/STM32F1xx_HAL_Driver/Src/stm32f1xx_hal_tim.o
 .ARM.attributes
                0x00000000000002e1       0x2d ./Drivers/STM32F1xx_HAL_Driver/Src/stm32f1xx_hal_tim_ex.o
 .ARM.attributes
                0x000000000000030e       0x2d c:/st/stm32cubeide_1.7.0/stm32cubeide/plugins/com.st.stm32cube.ide.mcu.externaltools.gnu-tools-for-stm32.9-2020-q2-update.win32_2.0.0.202105311346/tools/bin/../lib/gcc/arm-none-eabi/9.3.1/../../../../arm-none-eabi/lib/thumb/v7-m/nofp\libc_nano.a(lib_a-init.o)
 .ARM.attributes
                0x000000000000033b       0x2d c:/st/stm32cubeide_1.7.0/stm32cubeide/plugins/com.st.stm32cube.ide.mcu.externaltools.gnu-tools-for-stm32.9-2020-q2-update.win32_2.0.0.202105311346/tools/bin/../lib/gcc/arm-none-eabi/9.3.1/../../../../arm-none-eabi/lib/thumb/v7-m/nofp\libc_nano.a(lib_a-memset.o)
 .ARM.attributes
                0x0000000000000368       0x1d c:/st/stm32cubeide_1.7.0/stm32cubeide/plugins/com.st.stm32cube.ide.mcu.externaltools.gnu-tools-for-stm32.9-2020-q2-update.win32_2.0.0.202105311346/tools/bin/../lib/gcc/arm-none-eabi/9.3.1/thumb/v7-m/nofp/crtn.o
OUTPUT(LAB3_EX.elf elf32-littlearm)
LOAD linker stubs
LOAD c:/st/stm32cubeide_1.7.0/stm32cubeide/plugins/com.st.stm32cube.ide.mcu.externaltools.gnu-tools-for-stm32.9-2020-q2-update.win32_2.0.0.202105311346/tools/bin/../lib/gcc/arm-none-eabi/9.3.1/../../../../arm-none-eabi/lib/thumb/v7-m/nofp\libc.a
LOAD c:/st/stm32cubeide_1.7.0/stm32cubeide/plugins/com.st.stm32cube.ide.mcu.externaltools.gnu-tools-for-stm32.9-2020-q2-update.win32_2.0.0.202105311346/tools/bin/../lib/gcc/arm-none-eabi/9.3.1/../../../../arm-none-eabi/lib/thumb/v7-m/nofp\libm.a
LOAD c:/st/stm32cubeide_1.7.0/stm32cubeide/plugins/com.st.stm32cube.ide.mcu.externaltools.gnu-tools-for-stm32.9-2020-q2-update.win32_2.0.0.202105311346/tools/bin/../lib/gcc/arm-none-eabi/9.3.1/thumb/v7-m/nofp\libgcc.a

.debug_info     0x0000000000000000     0x9823
 .debug_info    0x0000000000000000      0x256 ./Core/Src/fsm_for_input_processing.o
 .debug_info    0x0000000000000256      0x2d6 ./Core/Src/fsm_for_traffic_processing.o
 .debug_info    0x000000000000052c      0x3bf ./Core/Src/input_reading.o
 .debug_info    0x00000000000008eb      0xc23 ./Core/Src/main.o
 .debug_info    0x000000000000150e      0x458 ./Core/Src/output_display.o
 .debug_info    0x0000000000001966      0x4f0 ./Core/Src/software_timer.o
 .debug_info    0x0000000000001e56      0xa87 ./Core/Src/stm32f1xx_hal_msp.o
 .debug_info    0x00000000000028dd      0x837 ./Core/Src/stm32f1xx_it.o
 .debug_info    0x0000000000003114      0x2be ./Core/Src/system_stm32f1xx.o
 .debug_info    0x00000000000033d2       0x22 ./Core/Startup/startup_stm32f103c6tx.o
 .debug_info    0x00000000000033f4      0x74c ./Drivers/STM32F1xx_HAL_Driver/Src/stm32f1xx_hal.o
 .debug_info    0x0000000000003b40      0xbbe ./Drivers/STM32F1xx_HAL_Driver/Src/stm32f1xx_hal_cortex.o
 .debug_info    0x00000000000046fe      0x701 ./Drivers/STM32F1xx_HAL_Driver/Src/stm32f1xx_hal_gpio.o
 .debug_info    0x0000000000004dff      0x893 ./Drivers/STM32F1xx_HAL_Driver/Src/stm32f1xx_hal_rcc.o
 .debug_info    0x0000000000005692     0x2c12 ./Drivers/STM32F1xx_HAL_Driver/Src/stm32f1xx_hal_tim.o
 .debug_info    0x00000000000082a4     0x157f ./Drivers/STM32F1xx_HAL_Driver/Src/stm32f1xx_hal_tim_ex.o

.debug_abbrev   0x0000000000000000     0x1b6a
 .debug_abbrev  0x0000000000000000       0xe3 ./Core/Src/fsm_for_input_processing.o
 .debug_abbrev  0x00000000000000e3       0xe1 ./Core/Src/fsm_for_traffic_processing.o
 .debug_abbrev  0x00000000000001c4      0x165 ./Core/Src/input_reading.o
 .debug_abbrev  0x0000000000000329      0x248 ./Core/Src/main.o
 .debug_abbrev  0x0000000000000571      0x1bd ./Core/Src/output_display.o
 .debug_abbrev  0x000000000000072e      0x16a ./Core/Src/software_timer.o
 .debug_abbrev  0x0000000000000898      0x1ca ./Core/Src/stm32f1xx_hal_msp.o
 .debug_abbrev  0x0000000000000a62      0x189 ./Core/Src/stm32f1xx_it.o
 .debug_abbrev  0x0000000000000beb      0x14e ./Core/Src/system_stm32f1xx.o
 .debug_abbrev  0x0000000000000d39       0x12 ./Core/Startup/startup_stm32f103c6tx.o
 .debug_abbrev  0x0000000000000d4b      0x1ed ./Drivers/STM32F1xx_HAL_Driver/Src/stm32f1xx_hal.o
 .debug_abbrev  0x0000000000000f38      0x313 ./Drivers/STM32F1xx_HAL_Driver/Src/stm32f1xx_hal_cortex.o
 .debug_abbrev  0x000000000000124b      0x1e8 ./Drivers/STM32F1xx_HAL_Driver/Src/stm32f1xx_hal_gpio.o
 .debug_abbrev  0x0000000000001433      0x273 ./Drivers/STM32F1xx_HAL_Driver/Src/stm32f1xx_hal_rcc.o
 .debug_abbrev  0x00000000000016a6      0x25e ./Drivers/STM32F1xx_HAL_Driver/Src/stm32f1xx_hal_tim.o
 .debug_abbrev  0x0000000000001904      0x266 ./Drivers/STM32F1xx_HAL_Driver/Src/stm32f1xx_hal_tim_ex.o

.debug_aranges  0x0000000000000000      0xb08
 .debug_aranges
                0x0000000000000000       0x30 ./Core/Src/fsm_for_input_processing.o
 .debug_aranges
                0x0000000000000030       0x78 ./Core/Src/fsm_for_traffic_processing.o
 .debug_aranges
                0x00000000000000a8       0x30 ./Core/Src/input_reading.o
 .debug_aranges
                0x00000000000000d8       0x48 ./Core/Src/main.o
 .debug_aranges
                0x0000000000000120       0x78 ./Core/Src/output_display.o
 .debug_aranges
                0x0000000000000198       0x88 ./Core/Src/software_timer.o
 .debug_aranges
                0x0000000000000220       0x30 ./Core/Src/stm32f1xx_hal_msp.o
 .debug_aranges
                0x0000000000000250       0x68 ./Core/Src/stm32f1xx_it.o
 .debug_aranges
                0x00000000000002b8       0x28 ./Core/Src/system_stm32f1xx.o
 .debug_aranges
                0x00000000000002e0       0x28 ./Core/Startup/startup_stm32f103c6tx.o
 .debug_aranges
                0x0000000000000308       0xe0 ./Drivers/STM32F1xx_HAL_Driver/Src/stm32f1xx_hal.o
 .debug_aranges
                0x00000000000003e8      0x100 ./Drivers/STM32F1xx_HAL_Driver/Src/stm32f1xx_hal_cortex.o
 .debug_aranges
                0x00000000000004e8       0x58 ./Drivers/STM32F1xx_HAL_Driver/Src/stm32f1xx_hal_gpio.o
 .debug_aranges
                0x0000000000000540       0x90 ./Drivers/STM32F1xx_HAL_Driver/Src/stm32f1xx_hal_rcc.o
 .debug_aranges
                0x00000000000005d0      0x3d0 ./Drivers/STM32F1xx_HAL_Driver/Src/stm32f1xx_hal_tim.o
 .debug_aranges
                0x00000000000009a0      0x168 ./Drivers/STM32F1xx_HAL_Driver/Src/stm32f1xx_hal_tim_ex.o

.debug_ranges   0x0000000000000000      0xa10
 .debug_ranges  0x0000000000000000       0x20 ./Core/Src/fsm_for_input_processing.o
 .debug_ranges  0x0000000000000020       0x68 ./Core/Src/fsm_for_traffic_processing.o
 .debug_ranges  0x0000000000000088       0x20 ./Core/Src/input_reading.o
 .debug_ranges  0x00000000000000a8       0x38 ./Core/Src/main.o
 .debug_ranges  0x00000000000000e0       0x68 ./Core/Src/output_display.o
 .debug_ranges  0x0000000000000148       0x78 ./Core/Src/software_timer.o
 .debug_ranges  0x00000000000001c0       0x20 ./Core/Src/stm32f1xx_hal_msp.o
 .debug_ranges  0x00000000000001e0       0x58 ./Core/Src/stm32f1xx_it.o
 .debug_ranges  0x0000000000000238       0x18 ./Core/Src/system_stm32f1xx.o
 .debug_ranges  0x0000000000000250       0x20 ./Core/Startup/startup_stm32f103c6tx.o
 .debug_ranges  0x0000000000000270       0xd0 ./Drivers/STM32F1xx_HAL_Driver/Src/stm32f1xx_hal.o
 .debug_ranges  0x0000000000000340       0xf0 ./Drivers/STM32F1xx_HAL_Driver/Src/stm32f1xx_hal_cortex.o
 .debug_ranges  0x0000000000000430       0x48 ./Drivers/STM32F1xx_HAL_Driver/Src/stm32f1xx_hal_gpio.o
 .debug_ranges  0x0000000000000478       0x80 ./Drivers/STM32F1xx_HAL_Driver/Src/stm32f1xx_hal_rcc.o
 .debug_ranges  0x00000000000004f8      0x3c0 ./Drivers/STM32F1xx_HAL_Driver/Src/stm32f1xx_hal_tim.o
 .debug_ranges  0x00000000000008b8      0x158 ./Drivers/STM32F1xx_HAL_Driver/Src/stm32f1xx_hal_tim_ex.o

.debug_macro    0x0000000000000000    0x16e18
 .debug_macro   0x0000000000000000      0x200 ./Core/Src/fsm_for_input_processing.o
 .debug_macro   0x0000000000000200      0xa9c ./Core/Src/fsm_for_input_processing.o
 .debug_macro   0x0000000000000c9c      0x215 ./Core/Src/fsm_for_input_processing.o
 .debug_macro   0x0000000000000eb1       0x2e ./Core/Src/fsm_for_input_processing.o
 .debug_macro   0x0000000000000edf       0x22 ./Core/Src/fsm_for_input_processing.o
 .debug_macro   0x0000000000000f01       0x22 ./Core/Src/fsm_for_input_processing.o
 .debug_macro   0x0000000000000f23       0x8e ./Core/Src/fsm_for_input_processing.o
 .debug_macro   0x0000000000000fb1       0x51 ./Core/Src/fsm_for_input_processing.o
 .debug_macro   0x0000000000001002      0x103 ./Core/Src/fsm_for_input_processing.o
 .debug_macro   0x0000000000001105       0x6a ./Core/Src/fsm_for_input_processing.o
 .debug_macro   0x000000000000116f      0x1df ./Core/Src/fsm_for_input_processing.o
 .debug_macro   0x000000000000134e       0x1c ./Core/Src/fsm_for_input_processing.o
 .debug_macro   0x000000000000136a       0x22 ./Core/Src/fsm_for_input_processing.o
 .debug_macro   0x000000000000138c       0xc3 ./Core/Src/fsm_for_input_processing.o
 .debug_macro   0x000000000000144f      0xd23 ./Core/Src/fsm_for_input_processing.o
 .debug_macro   0x0000000000002172     0xde75 ./Core/Src/fsm_for_input_processing.o
 .debug_macro   0x000000000000ffe7       0x6d ./Core/Src/fsm_for_input_processing.o
 .debug_macro   0x0000000000010054     0x348d ./Core/Src/fsm_for_input_processing.o
 .debug_macro   0x00000000000134e1      0x174 ./Core/Src/fsm_for_input_processing.o
 .debug_macro   0x0000000000013655       0x5c ./Core/Src/fsm_for_input_processing.o
 .debug_macro   0x00000000000136b1      0x5bc ./Core/Src/fsm_for_input_processing.o
 .debug_macro   0x0000000000013c6d      0x1b7 ./Core/Src/fsm_for_input_processing.o
 .debug_macro   0x0000000000013e24      0x1cb ./Core/Src/fsm_for_input_processing.o
 .debug_macro   0x0000000000013fef      0x114 ./Core/Src/fsm_for_input_processing.o
 .debug_macro   0x0000000000014103      0x1b2 ./Core/Src/fsm_for_input_processing.o
 .debug_macro   0x00000000000142b5       0x27 ./Core/Src/fsm_for_input_processing.o
 .debug_macro   0x00000000000142dc      0x12f ./Core/Src/fsm_for_input_processing.o
 .debug_macro   0x000000000001440b      0x1bc ./Core/Src/fsm_for_input_processing.o
 .debug_macro   0x00000000000145c7       0x34 ./Core/Src/fsm_for_input_processing.o
 .debug_macro   0x00000000000145fb       0x3c ./Core/Src/fsm_for_input_processing.o
 .debug_macro   0x0000000000014637       0x57 ./Core/Src/fsm_for_input_processing.o
 .debug_macro   0x000000000001468e       0x87 ./Core/Src/fsm_for_input_processing.o
 .debug_macro   0x0000000000014715      0x183 ./Core/Src/fsm_for_input_processing.o
 .debug_macro   0x0000000000014898      0x140 ./Core/Src/fsm_for_input_processing.o
 .debug_macro   0x00000000000149d8      0x8ed ./Core/Src/fsm_for_input_processing.o
 .debug_macro   0x00000000000152c5       0x69 ./Core/Src/fsm_for_input_processing.o
 .debug_macro   0x000000000001532e      0x100 ./Core/Src/fsm_for_input_processing.o
 .debug_macro   0x000000000001542e       0x10 ./Core/Src/fsm_for_input_processing.o
 .debug_macro   0x000000000001543e       0x46 ./Core/Src/fsm_for_input_processing.o
 .debug_macro   0x0000000000015484      0x1ee ./Core/Src/fsm_for_traffic_processing.o
 .debug_macro   0x0000000000015672      0x207 ./Core/Src/input_reading.o
 .debug_macro   0x0000000000015879      0x1fd ./Core/Src/main.o
 .debug_macro   0x0000000000015a76      0x1ee ./Core/Src/output_display.o
 .debug_macro   0x0000000000015c64      0x1f5 ./Core/Src/software_timer.o
 .debug_macro   0x0000000000015e59      0x1f9 ./Core/Src/stm32f1xx_hal_msp.o
 .debug_macro   0x0000000000016052      0x203 ./Core/Src/stm32f1xx_it.o
 .debug_macro   0x0000000000016255      0x197 ./Core/Src/system_stm32f1xx.o
 .debug_macro   0x00000000000163ec      0x1bb ./Drivers/STM32F1xx_HAL_Driver/Src/stm32f1xx_hal.o
 .debug_macro   0x00000000000165a7      0x197 ./Drivers/STM32F1xx_HAL_Driver/Src/stm32f1xx_hal_cortex.o
 .debug_macro   0x000000000001673e      0x202 ./Drivers/STM32F1xx_HAL_Driver/Src/stm32f1xx_hal_gpio.o
 .debug_macro   0x0000000000016940      0x1a9 ./Drivers/STM32F1xx_HAL_Driver/Src/stm32f1xx_hal_rcc.o
 .debug_macro   0x0000000000016ae9      0x198 ./Drivers/STM32F1xx_HAL_Driver/Src/stm32f1xx_hal_tim.o
 .debug_macro   0x0000000000016c81      0x197 ./Drivers/STM32F1xx_HAL_Driver/Src/stm32f1xx_hal_tim_ex.o

.debug_line     0x0000000000000000     0xbed0
 .debug_line    0x0000000000000000      0x7ff ./Core/Src/fsm_for_input_processing.o
 .debug_line    0x00000000000007ff      0x8f1 ./Core/Src/fsm_for_traffic_processing.o
 .debug_line    0x00000000000010f0      0x7ba ./Core/Src/input_reading.o
 .debug_line    0x00000000000018aa      0x83b ./Core/Src/main.o
 .debug_line    0x00000000000020e5      0x8f3 ./Core/Src/output_display.o
 .debug_line    0x00000000000029d8      0x872 ./Core/Src/software_timer.o
 .debug_line    0x000000000000324a      0x726 ./Core/Src/stm32f1xx_hal_msp.o
 .debug_line    0x0000000000003970      0x7c4 ./Core/Src/stm32f1xx_it.o
 .debug_line    0x0000000000004134      0x6e3 ./Core/Src/system_stm32f1xx.o
 .debug_line    0x0000000000004817       0x86 ./Core/Startup/startup_stm32f103c6tx.o
 .debug_line    0x000000000000489d      0x910 ./Drivers/STM32F1xx_HAL_Driver/Src/stm32f1xx_hal.o
 .debug_line    0x00000000000051ad      0xaf8 ./Drivers/STM32F1xx_HAL_Driver/Src/stm32f1xx_hal_cortex.o
 .debug_line    0x0000000000005ca5      0x993 ./Drivers/STM32F1xx_HAL_Driver/Src/stm32f1xx_hal_gpio.o
 .debug_line    0x0000000000006638      0xd1c ./Drivers/STM32F1xx_HAL_Driver/Src/stm32f1xx_hal_rcc.o
 .debug_line    0x0000000000007354     0x3346 ./Drivers/STM32F1xx_HAL_Driver/Src/stm32f1xx_hal_tim.o
 .debug_line    0x000000000000a69a     0x1836 ./Drivers/STM32F1xx_HAL_Driver/Src/stm32f1xx_hal_tim_ex.o

.debug_str      0x0000000000000000    0x82817
 .debug_str     0x0000000000000000    0x7f90a ./Core/Src/fsm_for_input_processing.o
                                      0x7fc46 (size before relaxing)
 .debug_str     0x000000000007f90a      0x127 ./Core/Src/fsm_for_traffic_processing.o
                                      0x7fca2 (size before relaxing)
 .debug_str     0x000000000007fa31      0x162 ./Core/Src/input_reading.o
                                      0x7fd02 (size before relaxing)
 .debug_str     0x000000000007fb93      0x6e7 ./Core/Src/main.o
                                      0x80359 (size before relaxing)
 .debug_str     0x000000000008027a      0x13c ./Core/Src/output_display.o
                                      0x7fd04 (size before relaxing)
 .debug_str     0x00000000000803b6      0x22d ./Core/Src/software_timer.o
                                      0x7fe7d (size before relaxing)
 .debug_str     0x00000000000805e3      0x2ba ./Core/Src/stm32f1xx_hal_msp.o
                                      0x803a0 (size before relaxing)
 .debug_str     0x000000000008089d       0xcd ./Core/Src/stm32f1xx_it.o
                                      0x80102 (size before relaxing)
 .debug_str     0x000000000008096a       0x52 ./Core/Src/system_stm32f1xx.o
                                      0x7f6dc (size before relaxing)
 .debug_str     0x00000000000809bc       0x36 ./Core/Startup/startup_stm32f103c6tx.o
                                         0x6b (size before relaxing)
 .debug_str     0x00000000000809f2      0x304 ./Drivers/STM32F1xx_HAL_Driver/Src/stm32f1xx_hal.o
                                      0x7fd33 (size before relaxing)
 .debug_str     0x0000000000080cf6      0x300 ./Drivers/STM32F1xx_HAL_Driver/Src/stm32f1xx_hal_cortex.o
                                      0x7fd3b (size before relaxing)
 .debug_str     0x0000000000080ff6      0x316 ./Drivers/STM32F1xx_HAL_Driver/Src/stm32f1xx_hal_gpio.o
                                      0x7faa0 (size before relaxing)
 .debug_str     0x000000000008130c      0x24f ./Drivers/STM32F1xx_HAL_Driver/Src/stm32f1xx_hal_rcc.o
                                      0x7fad9 (size before relaxing)
 .debug_str     0x000000000008155b      0xdce ./Drivers/STM32F1xx_HAL_Driver/Src/stm32f1xx_hal_tim.o
                                      0x80ab2 (size before relaxing)
 .debug_str     0x0000000000082329      0x4ee ./Drivers/STM32F1xx_HAL_Driver/Src/stm32f1xx_hal_tim_ex.o
                                      0x80263 (size before relaxing)

.comment        0x0000000000000000       0x53
 .comment       0x0000000000000000       0x53 ./Core/Src/fsm_for_input_processing.o
                                         0x54 (size before relaxing)
 .comment       0x0000000000000053       0x54 ./Core/Src/fsm_for_traffic_processing.o
 .comment       0x0000000000000053       0x54 ./Core/Src/input_reading.o
 .comment       0x0000000000000053       0x54 ./Core/Src/main.o
 .comment       0x0000000000000053       0x54 ./Core/Src/output_display.o
 .comment       0x0000000000000053       0x54 ./Core/Src/software_timer.o
 .comment       0x0000000000000053       0x54 ./Core/Src/stm32f1xx_hal_msp.o
 .comment       0x0000000000000053       0x54 ./Core/Src/stm32f1xx_it.o
 .comment       0x0000000000000053       0x54 ./Core/Src/system_stm32f1xx.o
 .comment       0x0000000000000053       0x54 ./Drivers/STM32F1xx_HAL_Driver/Src/stm32f1xx_hal.o
 .comment       0x0000000000000053       0x54 ./Drivers/STM32F1xx_HAL_Driver/Src/stm32f1xx_hal_cortex.o
 .comment       0x0000000000000053       0x54 ./Drivers/STM32F1xx_HAL_Driver/Src/stm32f1xx_hal_gpio.o
 .comment       0x0000000000000053       0x54 ./Drivers/STM32F1xx_HAL_Driver/Src/stm32f1xx_hal_rcc.o
 .comment       0x0000000000000053       0x54 ./Drivers/STM32F1xx_HAL_Driver/Src/stm32f1xx_hal_tim.o
 .comment       0x0000000000000053       0x54 ./Drivers/STM32F1xx_HAL_Driver/Src/stm32f1xx_hal_tim_ex.o

.debug_frame    0x0000000000000000     0x2b9c
 .debug_frame   0x0000000000000000       0x64 ./Core/Src/fsm_for_input_processing.o
 .debug_frame   0x0000000000000064      0x178 ./Core/Src/fsm_for_traffic_processing.o
 .debug_frame   0x00000000000001dc       0x88 ./Core/Src/input_reading.o
 .debug_frame   0x0000000000000264       0xd4 ./Core/Src/main.o
 .debug_frame   0x0000000000000338      0x178 ./Core/Src/output_display.o
 .debug_frame   0x00000000000004b0      0x1f8 ./Core/Src/software_timer.o
 .debug_frame   0x00000000000006a8       0x80 ./Core/Src/stm32f1xx_hal_msp.o
 .debug_frame   0x0000000000000728      0x120 ./Core/Src/stm32f1xx_it.o
 .debug_frame   0x0000000000000848       0x58 ./Core/Src/system_stm32f1xx.o
 .debug_frame   0x00000000000008a0      0x334 ./Drivers/STM32F1xx_HAL_Driver/Src/stm32f1xx_hal.o
 .debug_frame   0x0000000000000bd4      0x428 ./Drivers/STM32F1xx_HAL_Driver/Src/stm32f1xx_hal_cortex.o
 .debug_frame   0x0000000000000ffc      0x14c ./Drivers/STM32F1xx_HAL_Driver/Src/stm32f1xx_hal_gpio.o
 .debug_frame   0x0000000000001148      0x218 ./Drivers/STM32F1xx_HAL_Driver/Src/stm32f1xx_hal_rcc.o
 .debug_frame   0x0000000000001360     0x11b8 ./Drivers/STM32F1xx_HAL_Driver/Src/stm32f1xx_hal_tim.o
 .debug_frame   0x0000000000002518      0x638 ./Drivers/STM32F1xx_HAL_Driver/Src/stm32f1xx_hal_tim_ex.o
 .debug_frame   0x0000000000002b50       0x2c c:/st/stm32cubeide_1.7.0/stm32cubeide/plugins/com.st.stm32cube.ide.mcu.externaltools.gnu-tools-for-stm32.9-2020-q2-update.win32_2.0.0.202105311346/tools/bin/../lib/gcc/arm-none-eabi/9.3.1/../../../../arm-none-eabi/lib/thumb/v7-m/nofp\libc_nano.a(lib_a-init.o)
 .debug_frame   0x0000000000002b7c       0x20 c:/st/stm32cubeide_1.7.0/stm32cubeide/plugins/com.st.stm32cube.ide.mcu.externaltools.gnu-tools-for-stm32.9-2020-q2-update.win32_2.0.0.202105311346/tools/bin/../lib/gcc/arm-none-eabi/9.3.1/../../../../arm-none-eabi/lib/thumb/v7-m/nofp\libc_nano.a(lib_a-memset.o)
